2026-04-18 17:55:32,908 - INFO - Pobieranie 8000 swiec [ETHUSDT 240]...
2026-04-18 17:55:42,838 - INFO - Pobrano 8000 swiec | 2022-08-24 08:00:00 -> 2026-04-18 12:00:00
2026-04-18 17:55:43,327 - INFO - [EMA_8_21                 ] PnL=$  668.35  WR= 53.8%  DD= 225.2%  N=1094
2026-04-18 17:55:43,757 - INFO - [EMA_13_34                ] PnL=$  410.62  WR= 56.3%  DD= 235.6%  N=989
2026-04-18 17:55:44,169 - INFO - [EMA_8_34                 ] PnL=$  511.85  WR= 54.7%  DD= 199.6%  N=1048
2026-04-18 17:55:44,618 - INFO - [EMA_21_50                ] PnL=$ 1050.60  WR= 59.9%  DD= 264.3%  N=901
2026-04-18 17:55:45,120 - INFO - [EMA_13_50                ] PnL=$ 1144.96  WR= 58.4%  DD= 254.3%  N=950
2026-04-18 17:55:45,536 - INFO - [EMA_21_100               ] PnL=$ 1135.11  WR= 61.6%  DD= 357.7%  N=877
2026-04-18 17:55:45,944 - INFO - [EMA_34_100               ] PnL=$  926.06  WR= 61.9%  DD= 451.7%  N=835
2026-04-18 17:55:46,393 - INFO - [EMA_50_200               ] PnL=$   23.94  WR= 61.4%  DD=1903.3%  N=843
2026-04-18 17:55:46,866 - INFO - [EMA_8_21_RSI14_55        ] PnL=$ 1318.39  WR= 57.7%  DD= 184.1%  N=896
2026-04-18 17:55:47,295 - INFO - [EMA_8_21_RSI14_60        ] PnL=$ 1849.77  WR= 59.6%  DD= 183.1%  N=800
2026-04-18 17:55:47,728 - INFO - [EMA_13_34_RSI14_55       ] PnL=$  737.30  WR= 59.3%  DD= 247.9%  N=791
2026-04-18 17:55:48,157 - INFO - [EMA_13_34_RSI7_55        ] PnL=$  170.39  WR= 57.8%  DD= 211.4%  N=798
2026-04-18 17:55:48,558 - INFO - [EMA_21_50_RSI14_55       ] PnL=$ 1522.34  WR= 62.4%  DD= 135.8%  N=670
2026-04-18 17:55:48,983 - INFO - [EMA_8_34_RSI14_60        ] PnL=$ 1433.83  WR= 60.2%  DD= 130.0%  N=763
2026-04-18 17:55:49,400 - INFO - [EMA3_8_21_50             ] PnL=$  731.48  WR= 60.3%  DD= 210.6%  N=756
2026-04-18 17:55:49,815 - INFO - [EMA3_8_21_100            ] PnL=$  771.99  WR= 61.8%  DD= 259.1%  N=692
2026-04-18 17:55:50,263 - INFO - [EMA3_13_34_100           ] PnL=$  918.47  WR= 63.0%  DD= 300.3%  N=684
2026-04-18 17:55:50,694 - INFO - [EMA3_8_34_100            ] PnL=$  849.22  WR= 62.7%  DD= 359.0%  N=671
2026-04-18 17:55:51,104 - INFO - [EMA3_13_50_200           ] PnL=$  702.58  WR= 63.7%  DD= 844.0%  N=663
2026-04-18 17:55:51,506 - INFO - [EMA3_21_50_200           ] PnL=$  189.03  WR= 62.9%  DD=1016.0%  N=671
2026-04-18 17:55:51,925 - INFO - [MACD_12_26_hist          ] PnL=$ 2598.50  WR= 51.2%  DD= 129.6%  N=1300
2026-04-18 17:55:52,358 - INFO - [MACD_8_21_hist           ] PnL=$ 1644.12  WR= 45.8%  DD= 144.5%  N=1610
2026-04-18 17:55:52,759 - INFO - [MACD_12_26_sig           ] PnL=$ 2598.50  WR= 51.2%  DD= 129.6%  N=1300
2026-04-18 17:55:53,173 - INFO - [MACD_8_21_sig            ] PnL=$ 1644.12  WR= 45.8%  DD= 144.5%  N=1610
2026-04-18 17:55:53,599 - INFO - [MACD_RSI14_50            ] PnL=$ 1608.09  WR= 52.7%  DD= 102.1%  N=1100
2026-04-18 17:55:54,010 - INFO - [MACD_RSI14_55            ] PnL=$ 1692.08  WR= 53.7%  DD= 104.6%  N=1067
2026-04-18 17:55:54,427 - INFO - [MACD_RSI7_50             ] PnL=$  121.59  WR= 46.7%  DD= 181.0%  N=1426
2026-04-18 17:55:54,854 - INFO - [MACD_RSI7_55             ] PnL=$  734.89  WR= 47.3%  DD= 178.0%  N=1401
2026-04-18 17:55:55,260 - INFO - [BB_20_2_breakout         ] PnL=$ 1774.81  WR= 61.1%  DD= 255.7%  N=501
2026-04-18 17:55:55,681 - INFO - [BB_20_25_breakout        ] PnL=$  848.24  WR= 62.3%  DD= 149.6%  N=276
2026-04-18 17:55:56,092 - INFO - [BB_10_2_breakout         ] PnL=$ 2121.84  WR= 62.2%  DD= 105.9%  N=458
2026-04-18 17:55:56,517 - INFO - [BB_20_2_mid              ] PnL=$ 2277.73  WR= 42.2%  DD= 178.9%  N=1648
2026-04-18 17:55:56,938 - INFO - [BB_20_2_revert           ] PnL=$ -961.10  WR= 59.7%  DD= 355.2%  N=442
2026-04-18 17:55:57,381 - INFO - [BB_20_25_revert          ] PnL=$-1010.41  WR= 56.9%  DD= 382.4%  N=248
2026-04-18 17:55:57,788 - INFO - [BB_20_2_RSI14            ] PnL=$ 1774.81  WR= 61.1%  DD= 255.7%  N=501
2026-04-18 17:55:58,191 - INFO - [BB_20_25_RSI14           ] PnL=$  848.24  WR= 62.3%  DD= 149.6%  N=276
2026-04-18 17:55:58,588 - INFO - [BB_20_2_RSI14_55         ] PnL=$ 1750.37  WR= 61.0%  DD= 255.7%  N=500
2026-04-18 17:55:58,991 - INFO - [BB_20_25_RSI14_55        ] PnL=$  848.24  WR= 62.3%  DD= 149.6%  N=276
2026-04-18 17:55:59,410 - INFO - [BB_20_2_RSI7_50          ] PnL=$ 1770.80  WR= 61.1%  DD= 255.7%  N=493
2026-04-18 17:55:59,836 - INFO - [BB_10_2_RSI14            ] PnL=$ 1909.48  WR= 62.1%  DD= 127.5%  N=419
2026-04-18 17:56:00,299 - INFO - [BB_20_2_EMA50            ] PnL=$ 2080.52  WR= 62.2%  DD= 255.7%  N=487
2026-04-18 17:56:00,690 - INFO - [BB_20_25_EMA50           ] PnL=$ 1048.30  WR= 63.6%  DD= 111.1%  N=269
2026-04-18 17:56:01,109 - INFO - [BB_20_2_EMA100           ] PnL=$ 1909.75  WR= 62.2%  DD=  99.4%  N=444
2026-04-18 17:56:01,503 - INFO - [BB_20_25_EMA100          ] PnL=$  791.96  WR= 62.0%  DD=  74.0%  N=250
2026-04-18 17:56:01,910 - INFO - [BB_20_2_EMA200           ] PnL=$ 2097.74  WR= 63.7%  DD=  99.4%  N=388
2026-04-18 17:56:02,330 - INFO - [BB_20_25_EMA200          ] PnL=$  810.93  WR= 63.5%  DD=  76.2%  N=219
2026-04-18 17:56:02,743 - INFO - [BB_20_2_ADX20            ] PnL=$ 1753.59  WR= 60.8%  DD= 161.0%  N=485
2026-04-18 17:56:03,158 - INFO - [BB_20_25_ADX20           ] PnL=$  742.02  WR= 61.9%  DD= 128.7%  N=268
2026-04-18 17:56:03,572 - INFO - [BB_20_25_ADX25           ] PnL=$ 1011.84  WR= 63.5%  DD=  79.2%  N=244
2026-04-18 17:56:04,000 - INFO - [BB_20_25_VOL12           ] PnL=$  849.59  WR= 61.9%  DD= 111.1%  N=268
2026-04-18 17:56:04,396 - INFO - [BB_20_2_VOL12            ] PnL=$ 2012.94  WR= 62.6%  DD= 304.8%  N=460
2026-04-18 17:56:04,808 - INFO - [BB_20_2_SQ               ] PnL=$ 2837.15  WR= 68.4%  DD=  71.5%  N=310
2026-04-18 17:56:05,230 - INFO - [BB_20_25_SQ              ] PnL=$ 1767.72  WR= 71.5%  DD=  27.0%  N=158
2026-04-18 17:56:05,651 - INFO - [BB_20_2_MACD             ] PnL=$ 1946.06  WR= 61.9%  DD= 381.1%  N=485
2026-04-18 17:56:06,074 - INFO - [BB_20_25_MACD            ] PnL=$  929.56  WR= 62.8%  DD= 120.2%  N=266
2026-04-18 17:56:06,482 - INFO - [RSI14_trend50            ] PnL=$ 1204.19  WR= 45.1%  DD= 345.6%  N=1750
2026-04-18 17:56:06,896 - INFO - [RSI7_trend50             ] PnL=$ -116.31  WR= 40.8%  DD= 217.0%  N=2158
2026-04-18 17:56:07,331 - INFO - [RSI14_7030               ] PnL=$-1599.15  WR= 58.7%  DD= 538.1%  N=549
2026-04-18 17:56:07,744 - INFO - [RSI14_6535               ] PnL=$-1051.25  WR= 61.8%  DD= 275.1%  N=691
2026-04-18 17:56:08,173 - INFO - [RSI21_7030               ] PnL=$ -844.70  WR= 59.1%  DD= 355.1%  N=359
2026-04-18 17:56:08,613 - INFO - [RSI7_6535                ] PnL=$ -212.28  WR= 62.9%  DD= 141.3%  N=1101
2026-04-18 17:56:09,026 - INFO - [ADX14_EMA8_21            ] PnL=$  670.13  WR= 56.2%  DD= 209.2%  N=943
2026-04-18 17:56:09,448 - INFO - [ADX14_EMA13_34           ] PnL=$ 1124.34  WR= 59.1%  DD= 181.5%  N=865
2026-04-18 17:56:09,889 - INFO - [ADX14_EMA21_50           ] PnL=$ 1039.35  WR= 60.1%  DD= 196.4%  N=874
2026-04-18 17:56:10,373 - INFO - [ADX14_DI_20              ] PnL=$ 1502.52  WR= 48.1%  DD= 104.7%  N=1357
2026-04-18 17:56:10,816 - INFO - [ADX14_DI_25              ] PnL=$ 1118.32  WR= 51.3%  DD=  85.8%  N=1122
2026-04-18 17:56:11,267 - INFO - [STOCH14_cross            ] PnL=$ 2188.33  WR= 41.1%  DD= 125.8%  N=3708
2026-04-18 17:56:11,720 - INFO - [STOCH5_cross             ] PnL=$ 2616.03  WR= 42.7%  DD= 165.0%  N=3782
2026-04-18 17:56:12,145 - INFO - [STOCH14_EMA8_21          ] PnL=$-1007.93  WR= 53.8%  DD= 741.3%  N=314
2026-04-18 17:56:12,567 - INFO - [STOCH14_EMA13_34         ] PnL=$-1197.18  WR= 53.9%  DD= 655.5%  N=349
2026-04-18 17:56:12,985 - INFO - [EMA_8_21_VOL12           ] PnL=$ 1593.81  WR= 56.8%  DD= 323.6%  N=886
2026-04-18 17:56:13,383 - INFO - [EMA_13_34_VOL12          ] PnL=$  569.19  WR= 58.3%  DD= 308.1%  N=827
2026-04-18 17:56:13,806 - INFO - [EMA_8_21_VOL15           ] PnL=$ 1150.16  WR= 56.6%  DD= 134.9%  N=760
2026-04-18 17:56:14,230 - INFO - [EMA_BB_ADX_8_21          ] PnL=$ 1776.60  WR= 60.2%  DD= 105.0%  N=701
2026-04-18 17:56:14,654 - INFO - [EMA_BB_ADX_13_34         ] PnL=$ 1787.67  WR= 59.7%  DD= 137.3%  N=689
2026-04-18 17:56:15,081 - INFO - [TS_8_21_100_14           ] PnL=$ 1449.50  WR= 60.3%  DD= 176.3%  N=766
2026-04-18 17:56:15,503 - INFO - [TS_13_34_200_14          ] PnL=$ 1447.15  WR= 62.7%  DD= 189.6%  N=660
2026-04-18 17:56:15,915 - INFO - [TS_8_21_50_14            ] PnL=$ 1220.55  WR= 57.4%  DD= 210.5%  N=880
2026-04-18 17:56:16,355 - INFO - [TS_13_34_100_14          ] PnL=$ 1035.60  WR= 61.1%  DD= 150.8%  N=742
2026-04-18 17:56:17,617 - INFO - Wyslano 310 transakcji [BB_20_2_SQ] do Apex.
2026-04-18 17:56:18,358 - INFO - Config z wynikami najlepszej strategii [BB_20_2_SQ] wyslany do Apex.
2026-04-18 19:07:15,099 - INFO - Pobieranie 8000 swiec [ETHUSDT 240]...
2026-04-18 19:07:34,416 - INFO - Pobrano 8000 swiec | 2022-08-24 12:00:00 -> 2026-04-18 16:00:00
2026-04-18 19:07:34,887 - INFO - [EMA_8_21                 ] PnL=$  698.37  WR= 53.8%  DD= 186.3%  N=1096
2026-04-18 19:07:35,309 - INFO - [EMA_13_34                ] PnL=$  392.34  WR= 56.4%  DD= 247.0%  N=989
2026-04-18 19:07:35,738 - INFO - [EMA_8_34                 ] PnL=$  522.62  WR= 54.5%  DD= 191.6%  N=1049
2026-04-18 19:07:36,174 - INFO - [EMA_21_50                ] PnL=$ 1142.72  WR= 60.2%  DD= 154.4%  N=899
2026-04-18 19:07:36,589 - INFO - [EMA_13_50                ] PnL=$ 1182.22  WR= 58.5%  DD= 184.1%  N=951
2026-04-18 19:07:37,024 - INFO - [EMA_21_100               ] PnL=$ 1171.54  WR= 61.7%  DD= 258.3%  N=878
2026-04-18 19:07:37,468 - INFO - [EMA_34_100               ] PnL=$ 1022.75  WR= 62.0%  DD= 243.4%  N=837
2026-04-18 19:07:37,918 - INFO - [EMA_50_200               ] PnL=$  142.79  WR= 61.5%  DD= 696.4%  N=845
2026-04-18 19:07:38,338 - INFO - [EMA_8_21_RSI14_55        ] PnL=$ 1284.10  WR= 57.7%  DD= 228.6%  N=895
2026-04-18 19:07:38,757 - INFO - [EMA_8_21_RSI14_60        ] PnL=$ 1815.47  WR= 59.6%  DD= 227.3%  N=799
2026-04-18 19:07:39,197 - INFO - [EMA_13_34_RSI14_55       ] PnL=$  721.18  WR= 59.3%  DD= 257.4%  N=789
2026-04-18 19:07:39,591 - INFO - [EMA_13_34_RSI7_55        ] PnL=$  225.03  WR= 57.9%  DD= 174.3%  N=798
2026-04-18 19:07:40,022 - INFO - [EMA_21_50_RSI14_55       ] PnL=$ 1452.79  WR= 62.3%  DD= 195.1%  N=668
2026-04-18 19:07:40,461 - INFO - [EMA_8_34_RSI14_60        ] PnL=$ 1465.51  WR= 60.2%  DD= 113.3%  N=761
2026-04-18 19:07:40,900 - INFO - [EMA3_8_21_50             ] PnL=$  776.61  WR= 60.3%  DD= 157.8%  N=756
2026-04-18 19:07:41,319 - INFO - [EMA3_8_21_100            ] PnL=$  793.62  WR= 62.0%  DD= 236.7%  N=694
2026-04-18 19:07:41,730 - INFO - [EMA3_13_34_100           ] PnL=$  942.10  WR= 62.9%  DD= 272.9%  N=688
2026-04-18 19:07:42,175 - INFO - [EMA3_8_34_100            ] PnL=$  885.92  WR= 62.8%  DD= 297.4%  N=674
2026-04-18 19:07:42,596 - INFO - [EMA3_13_50_200           ] PnL=$  758.90  WR= 63.7%  DD= 340.8%  N=666
2026-04-18 19:07:43,003 - INFO - [EMA3_21_50_200           ] PnL=$  347.44  WR= 63.1%  DD= 301.2%  N=674
2026-04-18 19:07:43,440 - INFO - [MACD_12_26_hist          ] PnL=$ 2596.36  WR= 51.2%  DD= 131.0%  N=1302
2026-04-18 19:07:43,876 - INFO - [MACD_8_21_hist           ] PnL=$ 1581.74  WR= 45.7%  DD= 200.7%  N=1611
2026-04-18 19:07:44,294 - INFO - [MACD_12_26_sig           ] PnL=$ 2596.36  WR= 51.2%  DD= 131.0%  N=1302
2026-04-18 19:07:44,748 - INFO - [MACD_8_21_sig            ] PnL=$ 1581.74  WR= 45.7%  DD= 200.7%  N=1611
2026-04-18 19:07:45,162 - INFO - [MACD_RSI14_50            ] PnL=$ 1575.72  WR= 52.7%  DD= 125.2%  N=1099
2026-04-18 19:07:45,574 - INFO - [MACD_RSI14_55            ] PnL=$ 1659.71  WR= 53.7%  DD= 129.8%  N=1066
2026-04-18 19:07:46,047 - INFO - [MACD_RSI7_50             ] PnL=$  117.33  WR= 46.7%  DD= 184.3%  N=1427
2026-04-18 19:07:46,483 - INFO - [MACD_RSI7_55             ] PnL=$  732.55  WR= 47.3%  DD= 181.2%  N=1401
2026-04-18 19:07:46,897 - INFO - [BB_20_2_breakout         ] PnL=$ 1773.86  WR= 61.1%  DD= 255.7%  N=501
2026-04-18 19:07:47,313 - INFO - [BB_20_25_breakout        ] PnL=$  847.29  WR= 62.3%  DD= 149.6%  N=276
2026-04-18 19:07:47,753 - INFO - [BB_10_2_breakout         ] PnL=$ 2120.89  WR= 62.2%  DD= 105.9%  N=458
2026-04-18 19:07:48,180 - INFO - [BB_20_2_mid              ] PnL=$ 2285.30  WR= 42.2%  DD= 169.4%  N=1648
2026-04-18 19:07:48,599 - INFO - [BB_20_2_revert           ] PnL=$ -961.10  WR= 59.7%  DD= 355.2%  N=442
2026-04-18 19:07:49,024 - INFO - [BB_20_25_revert          ] PnL=$-1010.41  WR= 56.9%  DD= 382.4%  N=248
2026-04-18 19:07:49,432 - INFO - [BB_20_2_RSI14            ] PnL=$ 1773.86  WR= 61.1%  DD= 255.7%  N=501
2026-04-18 19:07:49,829 - INFO - [BB_20_25_RSI14           ] PnL=$  847.29  WR= 62.3%  DD= 149.6%  N=276
2026-04-18 19:07:50,243 - INFO - [BB_20_2_RSI14_55         ] PnL=$ 1749.42  WR= 61.0%  DD= 255.7%  N=500
2026-04-18 19:07:50,637 - INFO - [BB_20_25_RSI14_55        ] PnL=$  847.29  WR= 62.3%  DD= 149.6%  N=276
2026-04-18 19:07:51,087 - INFO - [BB_20_2_RSI7_50          ] PnL=$ 1769.85  WR= 61.1%  DD= 255.7%  N=493
2026-04-18 19:07:51,525 - INFO - [BB_10_2_RSI14            ] PnL=$ 1908.53  WR= 62.1%  DD= 127.5%  N=419
2026-04-18 19:07:51,951 - INFO - [BB_20_2_EMA50            ] PnL=$ 2079.57  WR= 62.2%  DD= 255.7%  N=487
2026-04-18 19:07:52,350 - INFO - [BB_20_25_EMA50           ] PnL=$ 1047.36  WR= 63.6%  DD= 111.1%  N=269
2026-04-18 19:07:52,762 - INFO - [BB_20_2_EMA100           ] PnL=$ 1908.81  WR= 62.2%  DD=  99.4%  N=444
2026-04-18 19:07:53,167 - INFO - [BB_20_25_EMA100          ] PnL=$  791.01  WR= 62.0%  DD=  74.0%  N=250
2026-04-18 19:07:53,601 - INFO - [BB_20_2_EMA200           ] PnL=$ 2075.08  WR= 63.6%  DD= 136.2%  N=387
2026-04-18 19:07:54,038 - INFO - [BB_20_25_EMA200          ] PnL=$  788.27  WR= 63.3%  DD=  85.5%  N=218
2026-04-18 19:07:54,455 - INFO - [BB_20_2_ADX20            ] PnL=$ 1752.65  WR= 60.8%  DD= 161.0%  N=485
2026-04-18 19:07:54,856 - INFO - [BB_20_25_ADX20           ] PnL=$  741.07  WR= 61.9%  DD= 128.7%  N=268
2026-04-18 19:07:55,292 - INFO - [BB_20_25_ADX25           ] PnL=$ 1010.90  WR= 63.5%  DD=  79.2%  N=244
2026-04-18 19:07:55,703 - INFO - [BB_20_25_VOL12           ] PnL=$  848.65  WR= 61.9%  DD= 111.1%  N=268
2026-04-18 19:07:56,135 - INFO - [BB_20_2_VOL12            ] PnL=$ 2011.99  WR= 62.6%  DD= 304.9%  N=460
2026-04-18 19:07:56,575 - INFO - [BB_20_2_SQ               ] PnL=$ 2837.15  WR= 68.4%  DD=  71.5%  N=310
2026-04-18 19:07:56,996 - INFO - [BB_20_25_SQ              ] PnL=$ 1767.72  WR= 71.5%  DD=  27.0%  N=158
2026-04-18 19:07:57,415 - INFO - [BB_20_2_MACD             ] PnL=$ 1945.11  WR= 61.9%  DD= 381.1%  N=485
2026-04-18 19:07:57,836 - INFO - [BB_20_25_MACD            ] PnL=$  928.61  WR= 62.8%  DD= 120.2%  N=266
2026-04-18 19:07:58,270 - INFO - [RSI14_trend50            ] PnL=$ 1168.52  WR= 45.1%  DD= 389.1%  N=1749
2026-04-18 19:07:58,707 - INFO - [RSI7_trend50             ] PnL=$ -120.58  WR= 40.8%  DD= 218.1%  N=2159
2026-04-18 19:07:59,125 - INFO - [RSI14_7030               ] PnL=$-1599.15  WR= 58.7%  DD= 538.1%  N=549
2026-04-18 19:07:59,562 - INFO - [RSI14_6535               ] PnL=$ -997.80  WR= 61.9%  DD= 257.6%  N=690
2026-04-18 19:07:59,990 - INFO - [RSI21_7030               ] PnL=$ -844.14  WR= 59.1%  DD= 355.4%  N=359
2026-04-18 19:08:00,426 - INFO - [RSI7_6535                ] PnL=$ -208.51  WR= 62.9%  DD= 140.6%  N=1101
2026-04-18 19:08:00,843 - INFO - [ADX14_EMA8_21            ] PnL=$  700.15  WR= 56.2%  DD= 173.1%  N=945
2026-04-18 19:08:01,282 - INFO - [ADX14_EMA13_34           ] PnL=$ 1124.21  WR= 59.1%  DD= 181.2%  N=867
2026-04-18 19:08:01,721 - INFO - [ADX14_EMA21_50           ] PnL=$ 1026.52  WR= 60.1%  DD= 176.6%  N=874
2026-04-18 19:08:02,216 - INFO - [ADX14_DI_20              ] PnL=$ 1474.56  WR= 48.1%  DD= 108.5%  N=1359
2026-04-18 19:08:02,670 - INFO - [ADX14_DI_25              ] PnL=$ 1090.36  WR= 51.2%  DD=  87.9%  N=1124
2026-04-18 19:08:03,110 - INFO - [STOCH14_cross            ] PnL=$ 2185.31  WR= 41.1%  DD= 128.8%  N=3709
2026-04-18 19:08:03,567 - INFO - [STOCH5_cross             ] PnL=$ 2622.10  WR= 42.7%  DD= 160.4%  N=3782
2026-04-18 19:08:03,977 - INFO - [STOCH14_EMA8_21          ] PnL=$-1007.93  WR= 53.8%  DD= 741.3%  N=314
2026-04-18 19:08:04,402 - INFO - [STOCH14_EMA13_34         ] PnL=$-1227.56  WR= 53.8%  DD= 665.2%  N=351
2026-04-18 19:08:04,849 - INFO - [EMA_8_21_VOL12           ] PnL=$ 1576.42  WR= 56.7%  DD= 588.3%  N=885
2026-04-18 19:08:05,281 - INFO - [EMA_13_34_VOL12          ] PnL=$  579.02  WR= 58.4%  DD= 328.0%  N=825
2026-04-18 19:08:05,710 - INFO - [EMA_8_21_VOL15           ] PnL=$ 1149.21  WR= 56.6%  DD= 134.9%  N=760
2026-04-18 19:08:06,129 - INFO - [EMA_BB_ADX_8_21          ] PnL=$ 1776.60  WR= 60.2%  DD= 105.0%  N=701
2026-04-18 19:08:06,560 - INFO - [EMA_BB_ADX_13_34         ] PnL=$ 1710.64  WR= 59.6%  DD= 280.1%  N=690
2026-04-18 19:08:06,967 - INFO - [TS_8_21_100_14           ] PnL=$ 1457.44  WR= 60.3%  DD= 188.3%  N=763
2026-04-18 19:08:07,413 - INFO - [TS_13_34_200_14          ] PnL=$ 1373.43  WR= 62.6%  DD= 263.9%  N=658
2026-04-18 19:08:07,829 - INFO - [TS_8_21_50_14            ] PnL=$ 1186.25  WR= 57.3%  DD= 261.3%  N=879
2026-04-18 19:08:08,243 - INFO - [TS_13_34_100_14          ] PnL=$  967.98  WR= 61.0%  DD= 188.5%  N=741
2026-04-18 19:08:09,507 - INFO - Wyslano 310 transakcji [BB_20_2_SQ] do Apex.
2026-04-18 19:08:10,272 - INFO - Config z wynikami najlepszej strategii [BB_20_2_SQ] wyslany do Apex.
2026-04-18 19:31:16,147 - INFO - Pobieranie 8000 swiec [ETHUSDT 240]...
2026-04-18 19:31:26,530 - INFO - Pobrano 8000 swiec | 2022-08-24 12:00:00 -> 2026-04-18 16:00:00
2026-04-18 19:31:27,004 - INFO - [EMA_8_21                 ] PnL=$  699.98  WR= 53.8%  DD= 186.3%  N=1096
2026-04-18 19:31:27,440 - INFO - [EMA_13_34                ] PnL=$  393.95  WR= 56.4%  DD= 247.0%  N=989
2026-04-18 19:31:27,870 - INFO - [EMA_8_34                 ] PnL=$  524.24  WR= 54.5%  DD= 191.6%  N=1049
2026-04-18 19:31:28,287 - INFO - [EMA_21_50                ] PnL=$ 1144.34  WR= 60.2%  DD= 154.4%  N=899
2026-04-18 19:31:28,731 - INFO - [EMA_13_50                ] PnL=$ 1183.83  WR= 58.5%  DD= 184.1%  N=951
2026-04-18 19:31:29,160 - INFO - [EMA_21_100               ] PnL=$ 1173.15  WR= 61.7%  DD= 258.3%  N=878
2026-04-18 19:31:29,576 - INFO - [EMA_34_100               ] PnL=$ 1024.37  WR= 62.0%  DD= 243.4%  N=837
2026-04-18 19:31:30,000 - INFO - [EMA_50_200               ] PnL=$  144.40  WR= 61.5%  DD= 696.4%  N=845
2026-04-18 19:31:30,439 - INFO - [EMA_8_21_RSI14_55        ] PnL=$ 1285.71  WR= 57.7%  DD= 228.6%  N=895
2026-04-18 19:31:30,867 - INFO - [EMA_8_21_RSI14_60        ] PnL=$ 1817.08  WR= 59.6%  DD= 227.3%  N=799
2026-04-18 19:31:31,278 - INFO - [EMA_13_34_RSI14_55       ] PnL=$  722.79  WR= 59.3%  DD= 257.4%  N=789
2026-04-18 19:31:31,699 - INFO - [EMA_13_34_RSI7_55        ] PnL=$  226.64  WR= 57.9%  DD= 174.3%  N=798
2026-04-18 19:31:32,122 - INFO - [EMA_21_50_RSI14_55       ] PnL=$ 1454.41  WR= 62.3%  DD= 195.1%  N=668
2026-04-18 19:31:32,560 - INFO - [EMA_8_34_RSI14_60        ] PnL=$ 1467.13  WR= 60.2%  DD= 113.3%  N=761
2026-04-18 19:31:33,001 - INFO - [EMA3_8_21_50             ] PnL=$  778.22  WR= 60.3%  DD= 157.8%  N=756
2026-04-18 19:31:33,410 - INFO - [EMA3_8_21_100            ] PnL=$  795.23  WR= 62.0%  DD= 236.7%  N=694
2026-04-18 19:31:33,831 - INFO - [EMA3_13_34_100           ] PnL=$  943.71  WR= 62.9%  DD= 272.9%  N=688
2026-04-18 19:31:34,262 - INFO - [EMA3_8_34_100            ] PnL=$  887.53  WR= 62.8%  DD= 297.4%  N=674
2026-04-18 19:31:34,712 - INFO - [EMA3_13_50_200           ] PnL=$  760.51  WR= 63.7%  DD= 340.8%  N=666
2026-04-18 19:31:35,146 - INFO - [EMA3_21_50_200           ] PnL=$  349.05  WR= 63.1%  DD= 301.2%  N=674
2026-04-18 19:31:35,603 - INFO - [MACD_12_26_hist          ] PnL=$ 2594.69  WR= 51.2%  DD= 131.0%  N=1302
2026-04-18 19:31:36,108 - INFO - [MACD_8_21_hist           ] PnL=$ 1580.06  WR= 45.7%  DD= 200.7%  N=1611
2026-04-18 19:31:36,548 - INFO - [MACD_12_26_sig           ] PnL=$ 2594.69  WR= 51.2%  DD= 131.0%  N=1302
2026-04-18 19:31:36,983 - INFO - [MACD_8_21_sig            ] PnL=$ 1580.06  WR= 45.7%  DD= 200.7%  N=1611
2026-04-18 19:31:37,422 - INFO - [MACD_RSI14_50            ] PnL=$ 1574.05  WR= 52.7%  DD= 125.2%  N=1099
2026-04-18 19:31:37,854 - INFO - [MACD_RSI14_55            ] PnL=$ 1658.04  WR= 53.7%  DD= 129.8%  N=1066
2026-04-18 19:31:38,290 - INFO - [MACD_RSI7_50             ] PnL=$  118.94  WR= 46.7%  DD= 184.3%  N=1427
2026-04-18 19:31:38,716 - INFO - [MACD_RSI7_55             ] PnL=$  730.88  WR= 47.3%  DD= 181.2%  N=1401
2026-04-18 19:31:39,129 - INFO - [BB_20_2_breakout         ] PnL=$ 1775.48  WR= 61.1%  DD= 255.7%  N=501
2026-04-18 19:31:39,537 - INFO - [BB_20_25_breakout        ] PnL=$  848.91  WR= 62.3%  DD= 149.6%  N=276
2026-04-18 19:31:39,967 - INFO - [BB_10_2_breakout         ] PnL=$ 2122.51  WR= 62.2%  DD= 105.9%  N=458
2026-04-18 19:31:40,402 - INFO - [BB_20_2_mid              ] PnL=$ 2283.62  WR= 42.2%  DD= 169.4%  N=1648
2026-04-18 19:31:40,802 - INFO - [BB_20_2_revert           ] PnL=$ -961.10  WR= 59.7%  DD= 355.2%  N=442
2026-04-18 19:31:41,200 - INFO - [BB_20_25_revert          ] PnL=$-1010.41  WR= 56.9%  DD= 382.4%  N=248
2026-04-18 19:31:41,612 - INFO - [BB_20_2_RSI14            ] PnL=$ 1775.48  WR= 61.1%  DD= 255.7%  N=501
2026-04-18 19:31:42,039 - INFO - [BB_20_25_RSI14           ] PnL=$  848.91  WR= 62.3%  DD= 149.6%  N=276
2026-04-18 19:31:42,453 - INFO - [BB_20_2_RSI14_55         ] PnL=$ 1751.04  WR= 61.0%  DD= 255.7%  N=500
2026-04-18 19:31:42,855 - INFO - [BB_20_25_RSI14_55        ] PnL=$  848.91  WR= 62.3%  DD= 149.6%  N=276
2026-04-18 19:31:43,270 - INFO - [BB_20_2_RSI7_50          ] PnL=$ 1771.46  WR= 61.1%  DD= 255.7%  N=493
2026-04-18 19:31:43,675 - INFO - [BB_10_2_RSI14            ] PnL=$ 1910.14  WR= 62.1%  DD= 127.5%  N=419
2026-04-18 19:31:44,125 - INFO - [BB_20_2_EMA50            ] PnL=$ 2081.19  WR= 62.2%  DD= 255.7%  N=487
2026-04-18 19:31:44,539 - INFO - [BB_20_25_EMA50           ] PnL=$ 1048.97  WR= 63.6%  DD= 111.1%  N=269
2026-04-18 19:31:44,929 - INFO - [BB_20_2_EMA100           ] PnL=$ 1910.42  WR= 62.2%  DD=  99.4%  N=444
2026-04-18 19:31:45,315 - INFO - [BB_20_25_EMA100          ] PnL=$  792.63  WR= 62.0%  DD=  74.0%  N=250
2026-04-18 19:31:45,746 - INFO - [BB_20_2_EMA200           ] PnL=$ 2076.70  WR= 63.6%  DD= 136.2%  N=387
2026-04-18 19:31:46,146 - INFO - [BB_20_25_EMA200          ] PnL=$  789.89  WR= 63.3%  DD=  85.5%  N=218
2026-04-18 19:31:46,553 - INFO - [BB_20_2_ADX20            ] PnL=$ 1754.26  WR= 60.8%  DD= 161.0%  N=485
2026-04-18 19:31:46,959 - INFO - [BB_20_25_ADX20           ] PnL=$  742.68  WR= 61.9%  DD= 128.7%  N=268
2026-04-18 19:31:47,357 - INFO - [BB_20_25_ADX25           ] PnL=$ 1012.51  WR= 63.5%  DD=  79.2%  N=244
2026-04-18 19:31:47,783 - INFO - [BB_20_25_VOL12           ] PnL=$  850.26  WR= 61.9%  DD= 111.1%  N=268
2026-04-18 19:31:48,203 - INFO - [BB_20_2_VOL12            ] PnL=$ 2013.60  WR= 62.6%  DD= 304.9%  N=460
2026-04-18 19:31:48,612 - INFO - [BB_20_2_SQ               ] PnL=$ 2837.15  WR= 68.4%  DD=  71.5%  N=310
2026-04-18 19:31:49,024 - INFO - [BB_20_25_SQ              ] PnL=$ 1767.72  WR= 71.5%  DD=  27.0%  N=158
2026-04-18 19:31:49,444 - INFO - [BB_20_2_MACD             ] PnL=$ 1946.73  WR= 61.9%  DD= 381.1%  N=485
2026-04-18 19:31:49,895 - INFO - [BB_20_25_MACD            ] PnL=$  930.22  WR= 62.8%  DD= 120.2%  N=266
2026-04-18 19:31:50,330 - INFO - [RSI14_trend50            ] PnL=$ 1170.19  WR= 45.1%  DD= 389.1%  N=1749
2026-04-18 19:31:50,779 - INFO - [RSI7_trend50             ] PnL=$ -118.96  WR= 40.8%  DD= 218.1%  N=2159
2026-04-18 19:31:51,195 - INFO - [RSI14_7030               ] PnL=$-1599.15  WR= 58.7%  DD= 538.1%  N=549
2026-04-18 19:31:51,614 - INFO - [RSI14_6535               ] PnL=$ -997.80  WR= 61.9%  DD= 257.6%  N=690
2026-04-18 19:31:52,016 - INFO - [RSI21_7030               ] PnL=$ -845.81  WR= 59.1%  DD= 355.4%  N=359
2026-04-18 19:31:52,444 - INFO - [RSI7_6535                ] PnL=$ -208.51  WR= 62.9%  DD= 140.6%  N=1101
2026-04-18 19:31:52,902 - INFO - [ADX14_EMA8_21            ] PnL=$  701.76  WR= 56.2%  DD= 173.1%  N=945
2026-04-18 19:31:53,310 - INFO - [ADX14_EMA13_34           ] PnL=$ 1125.82  WR= 59.1%  DD= 181.2%  N=867
2026-04-18 19:31:53,745 - INFO - [ADX14_EMA21_50           ] PnL=$ 1028.14  WR= 60.1%  DD= 176.6%  N=874
2026-04-18 19:31:54,220 - INFO - [ADX14_DI_20              ] PnL=$ 1472.88  WR= 48.1%  DD= 108.5%  N=1359
2026-04-18 19:31:54,636 - INFO - [ADX14_DI_25              ] PnL=$ 1088.68  WR= 51.2%  DD=  87.9%  N=1124
2026-04-18 19:31:55,072 - INFO - [STOCH14_cross            ] PnL=$ 2183.63  WR= 41.1%  DD= 128.8%  N=3709
2026-04-18 19:31:55,496 - INFO - [STOCH5_cross             ] PnL=$ 2620.43  WR= 42.7%  DD= 160.4%  N=3782
2026-04-18 19:31:55,930 - INFO - [STOCH14_EMA8_21          ] PnL=$-1007.93  WR= 53.8%  DD= 741.3%  N=314
2026-04-18 19:31:56,348 - INFO - [STOCH14_EMA13_34         ] PnL=$-1227.56  WR= 53.8%  DD= 665.2%  N=351
2026-04-18 19:31:56,780 - INFO - [EMA_8_21_VOL12           ] PnL=$ 1578.03  WR= 56.7%  DD= 588.3%  N=885
2026-04-18 19:31:57,204 - INFO - [EMA_13_34_VOL12          ] PnL=$  580.64  WR= 58.4%  DD= 328.0%  N=825
2026-04-18 19:31:57,623 - INFO - [EMA_8_21_VOL15           ] PnL=$ 1150.83  WR= 56.6%  DD= 134.9%  N=760
2026-04-18 19:31:58,039 - INFO - [EMA_BB_ADX_8_21          ] PnL=$ 1776.60  WR= 60.2%  DD= 105.0%  N=701
2026-04-18 19:31:58,466 - INFO - [EMA_BB_ADX_13_34         ] PnL=$ 1710.64  WR= 59.6%  DD= 280.1%  N=690
2026-04-18 19:31:58,885 - INFO - [TS_8_21_100_14           ] PnL=$ 1459.06  WR= 60.3%  DD= 188.3%  N=763
2026-04-18 19:31:59,320 - INFO - [TS_13_34_200_14          ] PnL=$ 1375.04  WR= 62.6%  DD= 263.9%  N=658
2026-04-18 19:31:59,742 - INFO - [TS_8_21_50_14            ] PnL=$ 1187.87  WR= 57.3%  DD= 261.3%  N=879
2026-04-18 19:32:00,168 - INFO - [TS_13_34_100_14          ] PnL=$  969.60  WR= 61.0%  DD= 188.5%  N=741
2026-04-18 19:32:01,360 - INFO - Wyslano 310 transakcji [BB_20_2_SQ] do Apex.
2026-04-18 19:32:02,398 - INFO - Config z wynikami najlepszej strategii [BB_20_2_SQ] wyslany do Apex.
2026-04-18 19:40:16,023 - INFO - Pobieranie 8000 swiec [ETHUSDT 240]...
2026-04-18 19:40:26,210 - INFO - Pobrano 8000 swiec | 2022-08-24 12:00:00 -> 2026-04-18 16:00:00
2026-04-18 19:40:26,697 - INFO - [EMA_8_21                 ] PnL=$  699.37  WR= 53.8%  DD= 186.3%  N=1096
2026-04-18 19:40:27,133 - INFO - [EMA_13_34                ] PnL=$  393.35  WR= 56.4%  DD= 247.0%  N=989
2026-04-18 19:40:27,571 - INFO - [EMA_8_34                 ] PnL=$  523.63  WR= 54.5%  DD= 191.6%  N=1049
2026-04-18 19:40:28,001 - INFO - [EMA_21_50                ] PnL=$ 1143.73  WR= 60.2%  DD= 154.4%  N=899
2026-04-18 19:40:28,445 - INFO - [EMA_13_50                ] PnL=$ 1183.23  WR= 58.5%  DD= 184.1%  N=951
2026-04-18 19:40:28,870 - INFO - [EMA_21_100               ] PnL=$ 1172.54  WR= 61.7%  DD= 258.3%  N=878
2026-04-18 19:40:29,307 - INFO - [EMA_34_100               ] PnL=$ 1023.76  WR= 62.0%  DD= 243.4%  N=837
2026-04-18 19:40:29,741 - INFO - [EMA_50_200               ] PnL=$  143.79  WR= 61.5%  DD= 696.4%  N=845
2026-04-18 19:40:30,170 - INFO - [EMA_8_21_RSI14_55        ] PnL=$ 1285.10  WR= 57.7%  DD= 228.6%  N=895
2026-04-18 19:40:30,570 - INFO - [EMA_8_21_RSI14_60        ] PnL=$ 1816.48  WR= 59.6%  DD= 227.3%  N=799
2026-04-18 19:40:31,009 - INFO - [EMA_13_34_RSI14_55       ] PnL=$  722.19  WR= 59.3%  DD= 257.4%  N=789
2026-04-18 19:40:31,439 - INFO - [EMA_13_34_RSI7_55        ] PnL=$  226.04  WR= 57.9%  DD= 174.3%  N=798
2026-04-18 19:40:31,853 - INFO - [EMA_21_50_RSI14_55       ] PnL=$ 1453.80  WR= 62.3%  DD= 195.1%  N=668
2026-04-18 19:40:32,329 - INFO - [EMA_8_34_RSI14_60        ] PnL=$ 1466.52  WR= 60.2%  DD= 113.3%  N=761
2026-04-18 19:40:32,784 - INFO - [EMA3_8_21_50             ] PnL=$  777.61  WR= 60.3%  DD= 157.8%  N=756
2026-04-18 19:40:33,283 - INFO - [EMA3_8_21_100            ] PnL=$  794.62  WR= 62.0%  DD= 236.7%  N=694
2026-04-18 19:40:33,724 - INFO - [EMA3_13_34_100           ] PnL=$  943.11  WR= 62.9%  DD= 272.9%  N=688
2026-04-18 19:40:34,146 - INFO - [EMA3_8_34_100            ] PnL=$  886.92  WR= 62.8%  DD= 297.4%  N=674
2026-04-18 19:40:34,589 - INFO - [EMA3_13_50_200           ] PnL=$  759.90  WR= 63.7%  DD= 340.8%  N=666
2026-04-18 19:40:35,057 - INFO - [EMA3_21_50_200           ] PnL=$  348.45  WR= 63.1%  DD= 301.2%  N=674
2026-04-18 19:40:35,492 - INFO - [MACD_12_26_hist          ] PnL=$ 2595.32  WR= 51.2%  DD= 131.0%  N=1302
2026-04-18 19:40:35,974 - INFO - [MACD_8_21_hist           ] PnL=$ 1580.69  WR= 45.7%  DD= 200.7%  N=1611
2026-04-18 19:40:36,467 - INFO - [MACD_12_26_sig           ] PnL=$ 2595.32  WR= 51.2%  DD= 131.0%  N=1302
2026-04-18 19:40:36,929 - INFO - [MACD_8_21_sig            ] PnL=$ 1580.69  WR= 45.7%  DD= 200.7%  N=1611
2026-04-18 19:40:37,348 - INFO - [MACD_RSI14_50            ] PnL=$ 1574.68  WR= 52.7%  DD= 125.2%  N=1099
2026-04-18 19:40:37,757 - INFO - [MACD_RSI14_55            ] PnL=$ 1658.67  WR= 53.7%  DD= 129.8%  N=1066
2026-04-18 19:40:38,304 - INFO - [MACD_RSI7_50             ] PnL=$  118.34  WR= 46.7%  DD= 184.3%  N=1427
2026-04-18 19:40:38,774 - INFO - [MACD_RSI7_55             ] PnL=$  731.51  WR= 47.3%  DD= 181.2%  N=1401
2026-04-18 19:40:39,193 - INFO - [BB_20_2_breakout         ] PnL=$ 1774.87  WR= 61.1%  DD= 255.7%  N=501
2026-04-18 19:40:39,619 - INFO - [BB_20_25_breakout        ] PnL=$  848.30  WR= 62.3%  DD= 149.6%  N=276
2026-04-18 19:40:40,044 - INFO - [BB_10_2_breakout         ] PnL=$ 2121.90  WR= 62.2%  DD= 105.9%  N=458
2026-04-18 19:40:40,480 - INFO - [BB_20_2_mid              ] PnL=$ 2284.25  WR= 42.2%  DD= 169.4%  N=1648
2026-04-18 19:40:40,908 - INFO - [BB_20_2_revert           ] PnL=$ -961.10  WR= 59.7%  DD= 355.2%  N=442
2026-04-18 19:40:41,303 - INFO - [BB_20_25_revert          ] PnL=$-1010.41  WR= 56.9%  DD= 382.4%  N=248
2026-04-18 19:40:41,730 - INFO - [BB_20_2_RSI14            ] PnL=$ 1774.87  WR= 61.1%  DD= 255.7%  N=501
2026-04-18 19:40:42,163 - INFO - [BB_20_25_RSI14           ] PnL=$  848.30  WR= 62.3%  DD= 149.6%  N=276
2026-04-18 19:40:42,589 - INFO - [BB_20_2_RSI14_55         ] PnL=$ 1750.43  WR= 61.0%  DD= 255.7%  N=500
2026-04-18 19:40:43,000 - INFO - [BB_20_25_RSI14_55        ] PnL=$  848.30  WR= 62.3%  DD= 149.6%  N=276
2026-04-18 19:40:43,405 - INFO - [BB_20_2_RSI7_50          ] PnL=$ 1770.86  WR= 61.1%  DD= 255.7%  N=493
2026-04-18 19:40:43,831 - INFO - [BB_10_2_RSI14            ] PnL=$ 1909.54  WR= 62.1%  DD= 127.5%  N=419
2026-04-18 19:40:44,248 - INFO - [BB_20_2_EMA50            ] PnL=$ 2080.58  WR= 62.2%  DD= 255.7%  N=487
2026-04-18 19:40:44,659 - INFO - [BB_20_25_EMA50           ] PnL=$ 1048.36  WR= 63.6%  DD= 111.1%  N=269
2026-04-18 19:40:45,083 - INFO - [BB_20_2_EMA100           ] PnL=$ 1909.81  WR= 62.2%  DD=  99.4%  N=444
2026-04-18 19:40:45,509 - INFO - [BB_20_25_EMA100          ] PnL=$  792.02  WR= 62.0%  DD=  74.0%  N=250
2026-04-18 19:40:45,921 - INFO - [BB_20_2_EMA200           ] PnL=$ 2076.09  WR= 63.6%  DD= 136.2%  N=387
2026-04-18 19:40:46,355 - INFO - [BB_20_25_EMA200          ] PnL=$  789.28  WR= 63.3%  DD=  85.5%  N=218
2026-04-18 19:40:46,874 - INFO - [BB_20_2_ADX20            ] PnL=$ 1753.65  WR= 60.8%  DD= 161.0%  N=485
2026-04-18 19:40:47,332 - INFO - [BB_20_25_ADX20           ] PnL=$  742.08  WR= 61.9%  DD= 128.7%  N=268
2026-04-18 19:40:47,756 - INFO - [BB_20_25_ADX25           ] PnL=$ 1011.91  WR= 63.5%  DD=  79.2%  N=244
2026-04-18 19:40:48,197 - INFO - [BB_20_25_VOL12           ] PnL=$  849.65  WR= 61.9%  DD= 111.1%  N=268
2026-04-18 19:40:48,640 - INFO - [BB_20_2_VOL12            ] PnL=$ 2013.00  WR= 62.6%  DD= 304.9%  N=460
2026-04-18 19:40:49,074 - INFO - [BB_20_2_SQ               ] PnL=$ 2837.15  WR= 68.4%  DD=  71.5%  N=310
2026-04-18 19:40:49,557 - INFO - [BB_20_25_SQ              ] PnL=$ 1767.72  WR= 71.5%  DD=  27.0%  N=158
2026-04-18 19:40:50,128 - INFO - [BB_20_2_MACD             ] PnL=$ 1946.12  WR= 61.9%  DD= 381.1%  N=485
2026-04-18 19:40:50,655 - INFO - [BB_20_25_MACD            ] PnL=$  929.62  WR= 62.8%  DD= 120.2%  N=266
2026-04-18 19:40:51,120 - INFO - [RSI14_trend50            ] PnL=$ 1169.56  WR= 45.1%  DD= 389.1%  N=1749
2026-04-18 19:40:51,557 - INFO - [RSI7_trend50             ] PnL=$ -119.57  WR= 40.8%  DD= 218.1%  N=2159
2026-04-18 19:40:51,964 - INFO - [RSI14_7030               ] PnL=$-1599.15  WR= 58.7%  DD= 538.1%  N=549
2026-04-18 19:40:52,449 - INFO - [RSI14_6535               ] PnL=$ -997.80  WR= 61.9%  DD= 257.6%  N=690
2026-04-18 19:40:53,065 - INFO - [RSI21_7030               ] PnL=$ -845.18  WR= 59.1%  DD= 355.4%  N=359
2026-04-18 19:40:53,525 - INFO - [RSI7_6535                ] PnL=$ -208.51  WR= 62.9%  DD= 140.6%  N=1101
2026-04-18 19:40:54,146 - INFO - [ADX14_EMA8_21            ] PnL=$  701.16  WR= 56.2%  DD= 173.1%  N=945
2026-04-18 19:40:54,635 - INFO - [ADX14_EMA13_34           ] PnL=$ 1125.22  WR= 59.1%  DD= 181.2%  N=867
2026-04-18 19:40:55,090 - INFO - [ADX14_EMA21_50           ] PnL=$ 1027.53  WR= 60.1%  DD= 176.6%  N=874
2026-04-18 19:40:55,783 - INFO - [ADX14_DI_20              ] PnL=$ 1473.51  WR= 48.1%  DD= 108.5%  N=1359
2026-04-18 19:40:56,225 - INFO - [ADX14_DI_25              ] PnL=$ 1089.31  WR= 51.2%  DD=  87.9%  N=1124
2026-04-18 19:40:56,670 - INFO - [STOCH14_cross            ] PnL=$ 2184.26  WR= 41.1%  DD= 128.8%  N=3709
2026-04-18 19:40:57,106 - INFO - [STOCH5_cross             ] PnL=$ 2621.06  WR= 42.7%  DD= 160.4%  N=3782
2026-04-18 19:40:57,534 - INFO - [STOCH14_EMA8_21          ] PnL=$-1007.93  WR= 53.8%  DD= 741.3%  N=314
2026-04-18 19:40:57,935 - INFO - [STOCH14_EMA13_34         ] PnL=$-1227.56  WR= 53.8%  DD= 665.2%  N=351
2026-04-18 19:40:58,385 - INFO - [EMA_8_21_VOL12           ] PnL=$ 1577.43  WR= 56.7%  DD= 588.3%  N=885
2026-04-18 19:40:58,824 - INFO - [EMA_13_34_VOL12          ] PnL=$  580.03  WR= 58.4%  DD= 328.0%  N=825
2026-04-18 19:40:59,236 - INFO - [EMA_8_21_VOL15           ] PnL=$ 1150.22  WR= 56.6%  DD= 134.9%  N=760
2026-04-18 19:40:59,662 - INFO - [EMA_BB_ADX_8_21          ] PnL=$ 1776.60  WR= 60.2%  DD= 105.0%  N=701
2026-04-18 19:41:00,109 - INFO - [EMA_BB_ADX_13_34         ] PnL=$ 1710.64  WR= 59.6%  DD= 280.1%  N=690
2026-04-18 19:41:00,553 - INFO - [TS_8_21_100_14           ] PnL=$ 1458.45  WR= 60.3%  DD= 188.3%  N=763
2026-04-18 19:41:00,988 - INFO - [TS_13_34_200_14          ] PnL=$ 1374.44  WR= 62.6%  DD= 263.9%  N=658
2026-04-18 19:41:01,417 - INFO - [TS_8_21_50_14            ] PnL=$ 1187.26  WR= 57.3%  DD= 261.3%  N=879
2026-04-18 19:41:01,835 - INFO - [TS_13_34_100_14          ] PnL=$  968.99  WR= 61.0%  DD= 188.5%  N=741
2026-04-18 19:41:03,033 - INFO - Wyslano 310 transakcji [BB_20_2_SQ] do Apex.
2026-04-18 19:41:03,840 - INFO - Config z wynikami najlepszej strategii [BB_20_2_SQ] wyslany do Apex.
2026-04-18 19:48:03,671 - INFO - Pobieranie 8000 swiec [ETHUSDT 240]...
2026-04-18 19:48:13,686 - INFO - Pobrano 8000 swiec | 2022-08-24 12:00:00 -> 2026-04-18 16:00:00
2026-04-18 19:48:14,168 - INFO - [EMA_8_21                 ] PnL=$  700.33  WR= 53.8%  DD= 186.3%  N=1096
2026-04-18 19:48:14,598 - INFO - [EMA_13_34                ] PnL=$  394.30  WR= 56.4%  DD= 247.0%  N=989
2026-04-18 19:48:15,052 - INFO - [EMA_8_34                 ] PnL=$  524.59  WR= 54.5%  DD= 191.6%  N=1049
2026-04-18 19:48:15,524 - INFO - [EMA_21_50                ] PnL=$ 1144.68  WR= 60.2%  DD= 154.4%  N=899
2026-04-18 19:48:15,987 - INFO - [EMA_13_50                ] PnL=$ 1184.18  WR= 58.5%  DD= 184.1%  N=951
2026-04-18 19:48:16,431 - INFO - [EMA_21_100               ] PnL=$ 1173.50  WR= 61.7%  DD= 258.3%  N=878
2026-04-18 19:48:16,874 - INFO - [EMA_34_100               ] PnL=$ 1024.71  WR= 62.0%  DD= 243.4%  N=837
2026-04-18 19:48:17,308 - INFO - [EMA_50_200               ] PnL=$  144.75  WR= 61.5%  DD= 696.4%  N=845
2026-04-18 19:48:17,741 - INFO - [EMA_8_21_RSI14_55        ] PnL=$ 1286.06  WR= 57.7%  DD= 228.6%  N=895
2026-04-18 19:48:18,189 - INFO - [EMA_8_21_RSI14_60        ] PnL=$ 1817.43  WR= 59.6%  DD= 227.3%  N=799
2026-04-18 19:48:18,641 - INFO - [EMA_13_34_RSI14_55       ] PnL=$  723.14  WR= 59.3%  DD= 257.4%  N=789
2026-04-18 19:48:19,091 - INFO - [EMA_13_34_RSI7_55        ] PnL=$  226.99  WR= 57.9%  DD= 174.3%  N=798
2026-04-18 19:48:19,526 - INFO - [EMA_21_50_RSI14_55       ] PnL=$ 1454.75  WR= 62.3%  DD= 195.1%  N=668
2026-04-18 19:48:19,948 - INFO - [EMA_8_34_RSI14_60        ] PnL=$ 1467.48  WR= 60.2%  DD= 113.3%  N=761
2026-04-18 19:48:20,402 - INFO - [EMA3_8_21_50             ] PnL=$  778.57  WR= 60.3%  DD= 157.8%  N=756
2026-04-18 19:48:20,861 - INFO - [EMA3_8_21_100            ] PnL=$  795.58  WR= 62.0%  DD= 236.7%  N=694
2026-04-18 19:48:21,331 - INFO - [EMA3_13_34_100           ] PnL=$  944.06  WR= 62.9%  DD= 272.9%  N=688
2026-04-18 19:48:21,746 - INFO - [EMA3_8_34_100            ] PnL=$  887.88  WR= 62.8%  DD= 297.4%  N=674
2026-04-18 19:48:22,182 - INFO - [EMA3_13_50_200           ] PnL=$  760.86  WR= 63.7%  DD= 340.8%  N=666
2026-04-18 19:48:22,616 - INFO - [EMA3_21_50_200           ] PnL=$  349.40  WR= 63.1%  DD= 301.2%  N=674
2026-04-18 19:48:23,053 - INFO - [MACD_12_26_hist          ] PnL=$ 2594.33  WR= 51.2%  DD= 131.0%  N=1302
2026-04-18 19:48:23,473 - INFO - [MACD_8_21_hist           ] PnL=$ 1579.70  WR= 45.7%  DD= 200.7%  N=1611
2026-04-18 19:48:23,907 - INFO - [MACD_12_26_sig           ] PnL=$ 2594.33  WR= 51.2%  DD= 131.0%  N=1302
2026-04-18 19:48:24,363 - INFO - [MACD_8_21_sig            ] PnL=$ 1579.70  WR= 45.7%  DD= 200.7%  N=1611
2026-04-18 19:48:24,801 - INFO - [MACD_RSI14_50            ] PnL=$ 1573.69  WR= 52.7%  DD= 125.2%  N=1099
2026-04-18 19:48:25,239 - INFO - [MACD_RSI14_55            ] PnL=$ 1657.68  WR= 53.7%  DD= 129.8%  N=1066
2026-04-18 19:48:25,693 - INFO - [MACD_RSI7_50             ] PnL=$  119.29  WR= 46.7%  DD= 184.3%  N=1427
2026-04-18 19:48:26,147 - INFO - [MACD_RSI7_55             ] PnL=$  730.52  WR= 47.3%  DD= 181.2%  N=1401
2026-04-18 19:48:26,578 - INFO - [BB_20_2_breakout         ] PnL=$ 1775.83  WR= 61.1%  DD= 255.7%  N=501
2026-04-18 19:48:27,004 - INFO - [BB_20_25_breakout        ] PnL=$  849.26  WR= 62.3%  DD= 149.6%  N=276
2026-04-18 19:48:27,443 - INFO - [BB_10_2_breakout         ] PnL=$ 2122.85  WR= 62.2%  DD= 105.9%  N=458
2026-04-18 19:48:27,896 - INFO - [BB_20_2_mid              ] PnL=$ 2283.26  WR= 42.2%  DD= 169.4%  N=1648
2026-04-18 19:48:28,321 - INFO - [BB_20_2_revert           ] PnL=$ -961.10  WR= 59.7%  DD= 355.2%  N=442
2026-04-18 19:48:28,739 - INFO - [BB_20_25_revert          ] PnL=$-1010.41  WR= 56.9%  DD= 382.4%  N=248
2026-04-18 19:48:29,217 - INFO - [BB_20_2_RSI14            ] PnL=$ 1775.83  WR= 61.1%  DD= 255.7%  N=501
2026-04-18 19:48:29,674 - INFO - [BB_20_25_RSI14           ] PnL=$  849.26  WR= 62.3%  DD= 149.6%  N=276
2026-04-18 19:48:30,172 - INFO - [BB_20_2_RSI14_55         ] PnL=$ 1751.38  WR= 61.0%  DD= 255.7%  N=500
2026-04-18 19:48:30,677 - INFO - [BB_20_25_RSI14_55        ] PnL=$  849.26  WR= 62.3%  DD= 149.6%  N=276
2026-04-18 19:48:31,152 - INFO - [BB_20_2_RSI7_50          ] PnL=$ 1771.81  WR= 61.1%  DD= 255.7%  N=493
2026-04-18 19:48:31,625 - INFO - [BB_10_2_RSI14            ] PnL=$ 1910.49  WR= 62.1%  DD= 127.5%  N=419
2026-04-18 19:48:32,104 - INFO - [BB_20_2_EMA50            ] PnL=$ 2081.54  WR= 62.2%  DD= 255.7%  N=487
2026-04-18 19:48:32,546 - INFO - [BB_20_25_EMA50           ] PnL=$ 1049.32  WR= 63.6%  DD= 111.1%  N=269
2026-04-18 19:48:33,027 - INFO - [BB_20_2_EMA100           ] PnL=$ 1910.77  WR= 62.2%  DD=  99.4%  N=444
2026-04-18 19:48:33,475 - INFO - [BB_20_25_EMA100          ] PnL=$  792.97  WR= 62.0%  DD=  74.0%  N=250
2026-04-18 19:48:33,957 - INFO - [BB_20_2_EMA200           ] PnL=$ 2077.05  WR= 63.6%  DD= 136.2%  N=387
2026-04-18 19:48:34,429 - INFO - [BB_20_25_EMA200          ] PnL=$  790.24  WR= 63.3%  DD=  85.5%  N=218
2026-04-18 19:48:34,965 - INFO - [BB_20_2_ADX20            ] PnL=$ 1754.61  WR= 60.8%  DD= 161.0%  N=485
2026-04-18 19:48:35,444 - INFO - [BB_20_25_ADX20           ] PnL=$  743.03  WR= 61.9%  DD= 128.7%  N=268
2026-04-18 19:48:35,894 - INFO - [BB_20_25_ADX25           ] PnL=$ 1012.86  WR= 63.5%  DD=  79.2%  N=244
2026-04-18 19:48:36,366 - INFO - [BB_20_25_VOL12           ] PnL=$  850.61  WR= 61.9%  DD= 111.1%  N=268
2026-04-18 19:48:36,843 - INFO - [BB_20_2_VOL12            ] PnL=$ 2013.95  WR= 62.6%  DD= 304.9%  N=460
2026-04-18 19:48:37,305 - INFO - [BB_20_2_SQ               ] PnL=$ 2837.15  WR= 68.4%  DD=  71.5%  N=310
2026-04-18 19:48:37,775 - INFO - [BB_20_25_SQ              ] PnL=$ 1767.72  WR= 71.5%  DD=  27.0%  N=158
2026-04-18 19:48:38,236 - INFO - [BB_20_2_MACD             ] PnL=$ 1947.08  WR= 61.9%  DD= 381.1%  N=485
2026-04-18 19:48:38,689 - INFO - [BB_20_25_MACD            ] PnL=$  930.57  WR= 62.8%  DD= 120.2%  N=266
2026-04-18 19:48:39,167 - INFO - [RSI14_trend50            ] PnL=$ 1170.55  WR= 45.1%  DD= 389.1%  N=1749
2026-04-18 19:48:39,701 - INFO - [RSI7_trend50             ] PnL=$ -118.61  WR= 40.8%  DD= 218.1%  N=2159
2026-04-18 19:48:40,174 - INFO - [RSI14_7030               ] PnL=$-1599.15  WR= 58.7%  DD= 538.1%  N=549
2026-04-18 19:48:40,635 - INFO - [RSI14_6535               ] PnL=$ -997.80  WR= 61.9%  DD= 257.6%  N=690
2026-04-18 19:48:41,091 - INFO - [RSI21_7030               ] PnL=$ -846.17  WR= 59.1%  DD= 355.4%  N=359
2026-04-18 19:48:41,571 - INFO - [RSI7_6535                ] PnL=$ -208.51  WR= 62.9%  DD= 140.6%  N=1101
2026-04-18 19:48:42,058 - INFO - [ADX14_EMA8_21            ] PnL=$  702.11  WR= 56.2%  DD= 173.1%  N=945
2026-04-18 19:48:42,521 - INFO - [ADX14_EMA13_34           ] PnL=$ 1126.17  WR= 59.1%  DD= 181.2%  N=867
2026-04-18 19:48:43,007 - INFO - [ADX14_EMA21_50           ] PnL=$ 1028.48  WR= 60.1%  DD= 176.6%  N=874
2026-04-18 19:48:43,538 - INFO - [ADX14_DI_20              ] PnL=$ 1472.52  WR= 48.1%  DD= 108.5%  N=1359
2026-04-18 19:48:44,002 - INFO - [ADX14_DI_25              ] PnL=$ 1088.32  WR= 51.2%  DD=  87.9%  N=1124
2026-04-18 19:48:44,501 - INFO - [STOCH14_cross            ] PnL=$ 2183.27  WR= 41.1%  DD= 128.8%  N=3709
2026-04-18 19:48:45,023 - INFO - [STOCH5_cross             ] PnL=$ 2620.07  WR= 42.7%  DD= 160.4%  N=3782
2026-04-18 19:48:45,482 - INFO - [STOCH14_EMA8_21          ] PnL=$-1007.93  WR= 53.8%  DD= 741.3%  N=314
2026-04-18 19:48:45,935 - INFO - [STOCH14_EMA13_34         ] PnL=$-1227.56  WR= 53.8%  DD= 665.2%  N=351
2026-04-18 19:48:46,500 - INFO - [EMA_8_21_VOL12           ] PnL=$ 1578.38  WR= 56.7%  DD= 588.3%  N=885
2026-04-18 19:48:47,062 - INFO - [EMA_13_34_VOL12          ] PnL=$  580.99  WR= 58.4%  DD= 328.0%  N=825
2026-04-18 19:48:47,522 - INFO - [EMA_8_21_VOL15           ] PnL=$ 1151.18  WR= 56.6%  DD= 134.9%  N=760
2026-04-18 19:48:47,960 - INFO - [EMA_BB_ADX_8_21          ] PnL=$ 1776.60  WR= 60.2%  DD= 105.0%  N=701
2026-04-18 19:48:48,436 - INFO - [EMA_BB_ADX_13_34         ] PnL=$ 1710.64  WR= 59.6%  DD= 280.1%  N=690
2026-04-18 19:48:48,939 - INFO - [TS_8_21_100_14           ] PnL=$ 1459.40  WR= 60.3%  DD= 188.3%  N=763
2026-04-18 19:48:49,420 - INFO - [TS_13_34_200_14          ] PnL=$ 1375.39  WR= 62.6%  DD= 263.9%  N=658
2026-04-18 19:48:49,831 - INFO - [TS_8_21_50_14            ] PnL=$ 1188.21  WR= 57.3%  DD= 261.3%  N=879
2026-04-18 19:48:50,273 - INFO - [TS_13_34_100_14          ] PnL=$  969.95  WR= 61.0%  DD= 188.5%  N=741
2026-04-18 19:48:51,744 - INFO - Wyslano 310 transakcji [BB_20_2_SQ] do Apex.
2026-04-18 19:48:52,917 - INFO - Config z wynikami najlepszej strategii [BB_20_2_SQ] wyslany do Apex.
2026-04-18 19:56:21,187 - INFO - Pobieranie 8000 swiec [ETHUSDT 240]...
2026-04-18 19:56:30,944 - INFO - Pobrano 8000 swiec | 2022-08-24 12:00:00 -> 2026-04-18 16:00:00
2026-04-18 19:56:31,423 - INFO - [EMA_8_21                 ] PnL=$  699.66  WR= 53.8%  DD= 186.3%  N=1096
2026-04-18 19:56:31,849 - INFO - [EMA_13_34                ] PnL=$  393.64  WR= 56.4%  DD= 247.0%  N=989
2026-04-18 19:56:32,284 - INFO - [EMA_8_34                 ] PnL=$  523.92  WR= 54.5%  DD= 191.6%  N=1049
2026-04-18 19:56:32,708 - INFO - [EMA_21_50                ] PnL=$ 1144.02  WR= 60.2%  DD= 154.4%  N=899
2026-04-18 19:56:33,143 - INFO - [EMA_13_50                ] PnL=$ 1183.52  WR= 58.5%  DD= 184.1%  N=951
2026-04-18 19:56:33,581 - INFO - [EMA_21_100               ] PnL=$ 1172.83  WR= 61.7%  DD= 258.3%  N=878
2026-04-18 19:56:33,991 - INFO - [EMA_34_100               ] PnL=$ 1024.05  WR= 62.0%  DD= 243.4%  N=837
2026-04-18 19:56:34,490 - INFO - [EMA_50_200               ] PnL=$  144.09  WR= 61.5%  DD= 696.4%  N=845
2026-04-18 19:56:34,977 - INFO - [EMA_8_21_RSI14_55        ] PnL=$ 1285.40  WR= 57.7%  DD= 228.6%  N=895
2026-04-18 19:56:35,401 - INFO - [EMA_8_21_RSI14_60        ] PnL=$ 1816.77  WR= 59.6%  DD= 227.3%  N=799
2026-04-18 19:56:35,843 - INFO - [EMA_13_34_RSI14_55       ] PnL=$  722.48  WR= 59.3%  DD= 257.4%  N=789
2026-04-18 19:56:36,282 - INFO - [EMA_13_34_RSI7_55        ] PnL=$  226.33  WR= 57.9%  DD= 174.3%  N=798
2026-04-18 19:56:36,713 - INFO - [EMA_21_50_RSI14_55       ] PnL=$ 1454.09  WR= 62.3%  DD= 195.1%  N=668
2026-04-18 19:56:37,134 - INFO - [EMA_8_34_RSI14_60        ] PnL=$ 1466.81  WR= 60.2%  DD= 113.3%  N=761
2026-04-18 19:56:37,563 - INFO - [EMA3_8_21_50             ] PnL=$  777.90  WR= 60.3%  DD= 157.8%  N=756
2026-04-18 19:56:37,992 - INFO - [EMA3_8_21_100            ] PnL=$  794.92  WR= 62.0%  DD= 236.7%  N=694
2026-04-18 19:56:38,437 - INFO - [EMA3_13_34_100           ] PnL=$  943.40  WR= 62.9%  DD= 272.9%  N=688
2026-04-18 19:56:38,876 - INFO - [EMA3_8_34_100            ] PnL=$  887.22  WR= 62.8%  DD= 297.4%  N=674
2026-04-18 19:56:39,311 - INFO - [EMA3_13_50_200           ] PnL=$  760.20  WR= 63.7%  DD= 340.8%  N=666
2026-04-18 19:56:39,751 - INFO - [EMA3_21_50_200           ] PnL=$  348.74  WR= 63.1%  DD= 301.2%  N=674
2026-04-18 19:56:40,204 - INFO - [MACD_12_26_hist          ] PnL=$ 2595.02  WR= 51.2%  DD= 131.0%  N=1302
2026-04-18 19:56:40,639 - INFO - [MACD_8_21_hist           ] PnL=$ 1580.39  WR= 45.7%  DD= 200.7%  N=1611
2026-04-18 19:56:41,080 - INFO - [MACD_12_26_sig           ] PnL=$ 2595.02  WR= 51.2%  DD= 131.0%  N=1302
2026-04-18 19:56:41,513 - INFO - [MACD_8_21_sig            ] PnL=$ 1580.39  WR= 45.7%  DD= 200.7%  N=1611
2026-04-18 19:56:41,944 - INFO - [MACD_RSI14_50            ] PnL=$ 1574.38  WR= 52.7%  DD= 125.2%  N=1099
2026-04-18 19:56:42,371 - INFO - [MACD_RSI14_55            ] PnL=$ 1658.37  WR= 53.7%  DD= 129.8%  N=1066
2026-04-18 19:56:42,799 - INFO - [MACD_RSI7_50             ] PnL=$  118.63  WR= 46.7%  DD= 184.3%  N=1427
2026-04-18 19:56:43,240 - INFO - [MACD_RSI7_55             ] PnL=$  731.21  WR= 47.3%  DD= 181.2%  N=1401
2026-04-18 19:56:43,670 - INFO - [BB_20_2_breakout         ] PnL=$ 1775.16  WR= 61.1%  DD= 255.7%  N=501
2026-04-18 19:56:44,104 - INFO - [BB_20_25_breakout        ] PnL=$  848.59  WR= 62.3%  DD= 149.6%  N=276
2026-04-18 19:56:44,522 - INFO - [BB_10_2_breakout         ] PnL=$ 2122.19  WR= 62.2%  DD= 105.9%  N=458
2026-04-18 19:56:44,961 - INFO - [BB_20_2_mid              ] PnL=$ 2283.95  WR= 42.2%  DD= 169.4%  N=1648
2026-04-18 19:56:45,388 - INFO - [BB_20_2_revert           ] PnL=$ -961.10  WR= 59.7%  DD= 355.2%  N=442
2026-04-18 19:56:45,877 - INFO - [BB_20_25_revert          ] PnL=$-1010.41  WR= 56.9%  DD= 382.4%  N=248
2026-04-18 19:56:46,345 - INFO - [BB_20_2_RSI14            ] PnL=$ 1775.16  WR= 61.1%  DD= 255.7%  N=501
2026-04-18 19:56:46,751 - INFO - [BB_20_25_RSI14           ] PnL=$  848.59  WR= 62.3%  DD= 149.6%  N=276
2026-04-18 19:56:47,172 - INFO - [BB_20_2_RSI14_55         ] PnL=$ 1750.72  WR= 61.0%  DD= 255.7%  N=500
2026-04-18 19:56:47,624 - INFO - [BB_20_25_RSI14_55        ] PnL=$  848.59  WR= 62.3%  DD= 149.6%  N=276
2026-04-18 19:56:48,065 - INFO - [BB_20_2_RSI7_50          ] PnL=$ 1771.15  WR= 61.1%  DD= 255.7%  N=493
2026-04-18 19:56:48,497 - INFO - [BB_10_2_RSI14            ] PnL=$ 1909.83  WR= 62.1%  DD= 127.5%  N=419
2026-04-18 19:56:48,921 - INFO - [BB_20_2_EMA50            ] PnL=$ 2080.87  WR= 62.2%  DD= 255.7%  N=487
2026-04-18 19:56:49,323 - INFO - [BB_20_25_EMA50           ] PnL=$ 1048.65  WR= 63.6%  DD= 111.1%  N=269
2026-04-18 19:56:49,728 - INFO - [BB_20_2_EMA100           ] PnL=$ 1910.10  WR= 62.2%  DD=  99.4%  N=444
2026-04-18 19:56:50,127 - INFO - [BB_20_25_EMA100          ] PnL=$  792.31  WR= 62.0%  DD=  74.0%  N=250
2026-04-18 19:56:50,555 - INFO - [BB_20_2_EMA200           ] PnL=$ 2076.38  WR= 63.6%  DD= 136.2%  N=387
2026-04-18 19:56:50,995 - INFO - [BB_20_25_EMA200          ] PnL=$  789.57  WR= 63.3%  DD=  85.5%  N=218
2026-04-18 19:56:51,418 - INFO - [BB_20_2_ADX20            ] PnL=$ 1753.94  WR= 60.8%  DD= 161.0%  N=485
2026-04-18 19:56:51,836 - INFO - [BB_20_25_ADX20           ] PnL=$  742.37  WR= 61.9%  DD= 128.7%  N=268
2026-04-18 19:56:52,260 - INFO - [BB_20_25_ADX25           ] PnL=$ 1012.20  WR= 63.5%  DD=  79.2%  N=244
2026-04-18 19:56:52,664 - INFO - [BB_20_25_VOL12           ] PnL=$  849.94  WR= 61.9%  DD= 111.1%  N=268
2026-04-18 19:56:53,113 - INFO - [BB_20_2_VOL12            ] PnL=$ 2013.29  WR= 62.6%  DD= 304.9%  N=460
2026-04-18 19:56:53,535 - INFO - [BB_20_2_SQ               ] PnL=$ 2837.15  WR= 68.4%  DD=  71.5%  N=310
2026-04-18 19:56:53,955 - INFO - [BB_20_25_SQ              ] PnL=$ 1767.72  WR= 71.5%  DD=  27.0%  N=158
2026-04-18 19:56:54,372 - INFO - [BB_20_2_MACD             ] PnL=$ 1946.41  WR= 61.9%  DD= 381.1%  N=485
2026-04-18 19:56:54,797 - INFO - [BB_20_25_MACD            ] PnL=$  929.91  WR= 62.8%  DD= 120.2%  N=266
2026-04-18 19:56:55,243 - INFO - [RSI14_trend50            ] PnL=$ 1169.86  WR= 45.1%  DD= 389.1%  N=1749
2026-04-18 19:56:55,696 - INFO - [RSI7_trend50             ] PnL=$ -119.28  WR= 40.8%  DD= 218.1%  N=2159
2026-04-18 19:56:56,123 - INFO - [RSI14_7030               ] PnL=$-1599.15  WR= 58.7%  DD= 538.1%  N=549
2026-04-18 19:56:56,558 - INFO - [RSI14_6535               ] PnL=$ -997.80  WR= 61.9%  DD= 257.6%  N=690
2026-04-18 19:56:56,988 - INFO - [RSI21_7030               ] PnL=$ -845.48  WR= 59.1%  DD= 355.4%  N=359
2026-04-18 19:56:57,421 - INFO - [RSI7_6535                ] PnL=$ -208.51  WR= 62.9%  DD= 140.6%  N=1101
2026-04-18 19:56:57,858 - INFO - [ADX14_EMA8_21            ] PnL=$  701.45  WR= 56.2%  DD= 173.1%  N=945
2026-04-18 19:56:58,299 - INFO - [ADX14_EMA13_34           ] PnL=$ 1125.51  WR= 59.1%  DD= 181.2%  N=867
2026-04-18 19:56:58,740 - INFO - [ADX14_EMA21_50           ] PnL=$ 1027.82  WR= 60.1%  DD= 176.6%  N=874
2026-04-18 19:56:59,216 - INFO - [ADX14_DI_20              ] PnL=$ 1473.21  WR= 48.1%  DD= 108.5%  N=1359
2026-04-18 19:56:59,666 - INFO - [ADX14_DI_25              ] PnL=$ 1089.01  WR= 51.2%  DD=  87.9%  N=1124
2026-04-18 19:57:00,144 - INFO - [STOCH14_cross            ] PnL=$ 2183.96  WR= 41.1%  DD= 128.8%  N=3709
2026-04-18 19:57:00,601 - INFO - [STOCH5_cross             ] PnL=$ 2620.75  WR= 42.7%  DD= 160.4%  N=3782
2026-04-18 19:57:01,041 - INFO - [STOCH14_EMA8_21          ] PnL=$-1007.93  WR= 53.8%  DD= 741.3%  N=314
2026-04-18 19:57:01,454 - INFO - [STOCH14_EMA13_34         ] PnL=$-1227.56  WR= 53.8%  DD= 665.2%  N=351
2026-04-18 19:57:01,881 - INFO - [EMA_8_21_VOL12           ] PnL=$ 1577.72  WR= 56.7%  DD= 588.3%  N=885
2026-04-18 19:57:02,294 - INFO - [EMA_13_34_VOL12          ] PnL=$  580.32  WR= 58.4%  DD= 328.0%  N=825
2026-04-18 19:57:02,719 - INFO - [EMA_8_21_VOL15           ] PnL=$ 1150.51  WR= 56.6%  DD= 134.9%  N=760
2026-04-18 19:57:03,187 - INFO - [EMA_BB_ADX_8_21          ] PnL=$ 1776.60  WR= 60.2%  DD= 105.0%  N=701
2026-04-18 19:57:03,604 - INFO - [EMA_BB_ADX_13_34         ] PnL=$ 1710.64  WR= 59.6%  DD= 280.1%  N=690
2026-04-18 19:57:04,013 - INFO - [TS_8_21_100_14           ] PnL=$ 1458.74  WR= 60.3%  DD= 188.3%  N=763
2026-04-18 19:57:04,445 - INFO - [TS_13_34_200_14          ] PnL=$ 1374.73  WR= 62.6%  DD= 263.9%  N=658
2026-04-18 19:57:04,883 - INFO - [TS_8_21_50_14            ] PnL=$ 1187.55  WR= 57.3%  DD= 261.3%  N=879
2026-04-18 19:57:05,310 - INFO - [TS_13_34_100_14          ] PnL=$  969.28  WR= 61.0%  DD= 188.5%  N=741
2026-04-18 19:57:06,526 - INFO - Wyslano 310 transakcji [BB_20_2_SQ] do Apex.
2026-04-18 19:57:07,476 - INFO - Config z wynikami najlepszej strategii [BB_20_2_SQ] wyslany do Apex.
2026-04-18 20:07:36,100 - INFO - Pobieranie 8000 swiec [ETHUSDT 240]...
2026-04-18 20:07:48,343 - INFO - Pobrano 8000 swiec | 2022-08-24 12:00:00 -> 2026-04-18 16:00:00
2026-04-18 20:07:48,808 - INFO - [EMA_8_21                 ] PnL=$  698.70  WR= 53.8%  DD= 186.3%  N=1096
2026-04-18 20:07:49,242 - INFO - [EMA_13_34                ] PnL=$  392.67  WR= 56.4%  DD= 247.0%  N=989
2026-04-18 20:07:49,690 - INFO - [EMA_8_34                 ] PnL=$  522.95  WR= 54.5%  DD= 191.6%  N=1049
2026-04-18 20:07:50,105 - INFO - [EMA_21_50                ] PnL=$ 1143.05  WR= 60.2%  DD= 154.4%  N=899
2026-04-18 20:07:50,526 - INFO - [EMA_13_50                ] PnL=$ 1182.55  WR= 58.5%  DD= 184.1%  N=951
2026-04-18 20:07:50,976 - INFO - [EMA_21_100               ] PnL=$ 1171.87  WR= 61.7%  DD= 258.3%  N=878
2026-04-18 20:07:51,419 - INFO - [EMA_34_100               ] PnL=$ 1023.08  WR= 62.0%  DD= 243.4%  N=837
2026-04-18 20:07:51,866 - INFO - [EMA_50_200               ] PnL=$  143.12  WR= 61.5%  DD= 696.4%  N=845
2026-04-18 20:07:52,306 - INFO - [EMA_8_21_RSI14_55        ] PnL=$ 1284.43  WR= 57.7%  DD= 228.6%  N=895
2026-04-18 20:07:52,724 - INFO - [EMA_8_21_RSI14_60        ] PnL=$ 1815.80  WR= 59.6%  DD= 227.3%  N=799
2026-04-18 20:07:53,149 - INFO - [EMA_13_34_RSI14_55       ] PnL=$  721.51  WR= 59.3%  DD= 257.4%  N=789
2026-04-18 20:07:53,565 - INFO - [EMA_13_34_RSI7_55        ] PnL=$  225.36  WR= 57.9%  DD= 174.3%  N=798
2026-04-18 20:07:53,969 - INFO - [EMA_21_50_RSI14_55       ] PnL=$ 1453.12  WR= 62.3%  DD= 195.1%  N=668
2026-04-18 20:07:54,403 - INFO - [EMA_8_34_RSI14_60        ] PnL=$ 1465.85  WR= 60.2%  DD= 113.3%  N=761
2026-04-18 20:07:54,832 - INFO - [EMA3_8_21_50             ] PnL=$  776.94  WR= 60.3%  DD= 157.8%  N=756
2026-04-18 20:07:55,246 - INFO - [EMA3_8_21_100            ] PnL=$  793.95  WR= 62.0%  DD= 236.7%  N=694
2026-04-18 20:07:55,660 - INFO - [EMA3_13_34_100           ] PnL=$  942.43  WR= 62.9%  DD= 272.9%  N=688
2026-04-18 20:07:56,092 - INFO - [EMA3_8_34_100            ] PnL=$  886.25  WR= 62.8%  DD= 297.4%  N=674
2026-04-18 20:07:56,541 - INFO - [EMA3_13_50_200           ] PnL=$  759.23  WR= 63.7%  DD= 340.8%  N=666
2026-04-18 20:07:56,978 - INFO - [EMA3_21_50_200           ] PnL=$  347.77  WR= 63.1%  DD= 301.2%  N=674
2026-04-18 20:07:57,416 - INFO - [MACD_12_26_hist          ] PnL=$ 2596.02  WR= 51.2%  DD= 131.0%  N=1302
2026-04-18 20:07:57,870 - INFO - [MACD_8_21_hist           ] PnL=$ 1581.39  WR= 45.7%  DD= 200.7%  N=1611
2026-04-18 20:07:58,314 - INFO - [MACD_12_26_sig           ] PnL=$ 2596.02  WR= 51.2%  DD= 131.0%  N=1302
2026-04-18 20:07:58,772 - INFO - [MACD_8_21_sig            ] PnL=$ 1581.39  WR= 45.7%  DD= 200.7%  N=1611
2026-04-18 20:07:59,201 - INFO - [MACD_RSI14_50            ] PnL=$ 1575.38  WR= 52.7%  DD= 125.2%  N=1099
2026-04-18 20:07:59,630 - INFO - [MACD_RSI14_55            ] PnL=$ 1659.37  WR= 53.7%  DD= 129.8%  N=1066
2026-04-18 20:08:00,068 - INFO - [MACD_RSI7_50             ] PnL=$  117.66  WR= 46.7%  DD= 184.3%  N=1427
2026-04-18 20:08:00,503 - INFO - [MACD_RSI7_55             ] PnL=$  732.21  WR= 47.3%  DD= 181.2%  N=1401
2026-04-18 20:08:00,933 - INFO - [BB_20_2_breakout         ] PnL=$ 1774.20  WR= 61.1%  DD= 255.7%  N=501
2026-04-18 20:08:01,350 - INFO - [BB_20_25_breakout        ] PnL=$  847.63  WR= 62.3%  DD= 149.6%  N=276
2026-04-18 20:08:01,760 - INFO - [BB_10_2_breakout         ] PnL=$ 2121.22  WR= 62.2%  DD= 105.9%  N=458
2026-04-18 20:08:02,197 - INFO - [BB_20_2_mid              ] PnL=$ 2284.95  WR= 42.2%  DD= 169.4%  N=1648
2026-04-18 20:08:02,592 - INFO - [BB_20_2_revert           ] PnL=$ -961.10  WR= 59.7%  DD= 355.2%  N=442
2026-04-18 20:08:03,007 - INFO - [BB_20_25_revert          ] PnL=$-1010.41  WR= 56.9%  DD= 382.4%  N=248
2026-04-18 20:08:03,412 - INFO - [BB_20_2_RSI14            ] PnL=$ 1774.20  WR= 61.1%  DD= 255.7%  N=501
2026-04-18 20:08:03,828 - INFO - [BB_20_25_RSI14           ] PnL=$  847.63  WR= 62.3%  DD= 149.6%  N=276
2026-04-18 20:08:04,242 - INFO - [BB_20_2_RSI14_55         ] PnL=$ 1749.75  WR= 61.0%  DD= 255.7%  N=500
2026-04-18 20:08:04,690 - INFO - [BB_20_25_RSI14_55        ] PnL=$  847.63  WR= 62.3%  DD= 149.6%  N=276
2026-04-18 20:08:05,110 - INFO - [BB_20_2_RSI7_50          ] PnL=$ 1770.18  WR= 61.1%  DD= 255.7%  N=493
2026-04-18 20:08:05,543 - INFO - [BB_10_2_RSI14            ] PnL=$ 1908.86  WR= 62.1%  DD= 127.5%  N=419
2026-04-18 20:08:05,965 - INFO - [BB_20_2_EMA50            ] PnL=$ 2079.91  WR= 62.2%  DD= 255.7%  N=487
2026-04-18 20:08:06,367 - INFO - [BB_20_25_EMA50           ] PnL=$ 1047.69  WR= 63.6%  DD= 111.1%  N=269
2026-04-18 20:08:06,779 - INFO - [BB_20_2_EMA100           ] PnL=$ 1909.14  WR= 62.2%  DD=  99.4%  N=444
2026-04-18 20:08:07,169 - INFO - [BB_20_25_EMA100          ] PnL=$  791.34  WR= 62.0%  DD=  74.0%  N=250
2026-04-18 20:08:07,567 - INFO - [BB_20_2_EMA200           ] PnL=$ 2075.41  WR= 63.6%  DD= 136.2%  N=387
2026-04-18 20:08:08,008 - INFO - [BB_20_25_EMA200          ] PnL=$  788.61  WR= 63.3%  DD=  85.5%  N=218
2026-04-18 20:08:08,450 - INFO - [BB_20_2_ADX20            ] PnL=$ 1752.98  WR= 60.8%  DD= 161.0%  N=485
2026-04-18 20:08:08,872 - INFO - [BB_20_25_ADX20           ] PnL=$  741.40  WR= 61.9%  DD= 128.7%  N=268
2026-04-18 20:08:09,303 - INFO - [BB_20_25_ADX25           ] PnL=$ 1011.23  WR= 63.5%  DD=  79.2%  N=244
2026-04-18 20:08:09,720 - INFO - [BB_20_25_VOL12           ] PnL=$  848.98  WR= 61.9%  DD= 111.1%  N=268
2026-04-18 20:08:10,162 - INFO - [BB_20_2_VOL12            ] PnL=$ 2012.32  WR= 62.6%  DD= 304.9%  N=460
2026-04-18 20:08:10,596 - INFO - [BB_20_2_SQ               ] PnL=$ 2837.15  WR= 68.4%  DD=  71.5%  N=310
2026-04-18 20:08:11,003 - INFO - [BB_20_25_SQ              ] PnL=$ 1767.72  WR= 71.5%  DD=  27.0%  N=158
2026-04-18 20:08:11,426 - INFO - [BB_20_2_MACD             ] PnL=$ 1945.45  WR= 61.9%  DD= 381.1%  N=485
2026-04-18 20:08:11,842 - INFO - [BB_20_25_MACD            ] PnL=$  928.94  WR= 62.8%  DD= 120.2%  N=266
2026-04-18 20:08:12,256 - INFO - [RSI14_trend50            ] PnL=$ 1168.86  WR= 45.1%  DD= 389.1%  N=1749
2026-04-18 20:08:12,723 - INFO - [RSI7_trend50             ] PnL=$ -120.24  WR= 40.8%  DD= 218.1%  N=2159
2026-04-18 20:08:13,136 - INFO - [RSI14_7030               ] PnL=$-1599.15  WR= 58.7%  DD= 538.1%  N=549
2026-04-18 20:08:13,553 - INFO - [RSI14_6535               ] PnL=$ -997.80  WR= 61.9%  DD= 257.6%  N=690
2026-04-18 20:08:14,020 - INFO - [RSI21_7030               ] PnL=$ -844.48  WR= 59.1%  DD= 355.4%  N=359
2026-04-18 20:08:14,432 - INFO - [RSI7_6535                ] PnL=$ -208.51  WR= 62.9%  DD= 140.6%  N=1101
2026-04-18 20:08:14,869 - INFO - [ADX14_EMA8_21            ] PnL=$  700.48  WR= 56.2%  DD= 173.1%  N=945
2026-04-18 20:08:15,282 - INFO - [ADX14_EMA13_34           ] PnL=$ 1124.54  WR= 59.1%  DD= 181.2%  N=867
2026-04-18 20:08:15,700 - INFO - [ADX14_EMA21_50           ] PnL=$ 1026.85  WR= 60.1%  DD= 176.6%  N=874
2026-04-18 20:08:16,173 - INFO - [ADX14_DI_20              ] PnL=$ 1474.21  WR= 48.1%  DD= 108.5%  N=1359
2026-04-18 20:08:16,600 - INFO - [ADX14_DI_25              ] PnL=$ 1090.01  WR= 51.2%  DD=  87.9%  N=1124
2026-04-18 20:08:17,095 - INFO - [STOCH14_cross            ] PnL=$ 2184.96  WR= 41.1%  DD= 128.8%  N=3709
2026-04-18 20:08:17,552 - INFO - [STOCH5_cross             ] PnL=$ 2621.76  WR= 42.7%  DD= 160.4%  N=3782
2026-04-18 20:08:17,946 - INFO - [STOCH14_EMA8_21          ] PnL=$-1007.93  WR= 53.8%  DD= 741.3%  N=314
2026-04-18 20:08:18,368 - INFO - [STOCH14_EMA13_34         ] PnL=$-1227.56  WR= 53.8%  DD= 665.2%  N=351
2026-04-18 20:08:18,782 - INFO - [EMA_8_21_VOL12           ] PnL=$ 1576.75  WR= 56.7%  DD= 588.3%  N=885
2026-04-18 20:08:19,191 - INFO - [EMA_13_34_VOL12          ] PnL=$  579.35  WR= 58.4%  DD= 328.0%  N=825
2026-04-18 20:08:19,606 - INFO - [EMA_8_21_VOL15           ] PnL=$ 1149.55  WR= 56.6%  DD= 134.9%  N=760
2026-04-18 20:08:20,038 - INFO - [EMA_BB_ADX_8_21          ] PnL=$ 1776.60  WR= 60.2%  DD= 105.0%  N=701
2026-04-18 20:08:20,455 - INFO - [EMA_BB_ADX_13_34         ] PnL=$ 1710.64  WR= 59.6%  DD= 280.1%  N=690
2026-04-18 20:08:20,876 - INFO - [TS_8_21_100_14           ] PnL=$ 1457.77  WR= 60.3%  DD= 188.3%  N=763
2026-04-18 20:08:21,301 - INFO - [TS_13_34_200_14          ] PnL=$ 1373.76  WR= 62.6%  DD= 263.9%  N=658
2026-04-18 20:08:21,733 - INFO - [TS_8_21_50_14            ] PnL=$ 1186.58  WR= 57.3%  DD= 261.3%  N=879
2026-04-18 20:08:22,146 - INFO - [TS_13_34_100_14          ] PnL=$  968.32  WR= 61.0%  DD= 188.5%  N=741
2026-04-18 20:08:23,785 - INFO - Wyslano 310 transakcji [BB_20_2_SQ] do Apex.
2026-04-18 20:08:24,736 - INFO - Config z wynikami najlepszej strategii [BB_20_2_SQ] wyslany do Apex.
2026-04-18 20:09:50,850 - INFO - Pobieranie 8000 swiec [ETHUSDT 240]...
2026-04-18 20:10:03,712 - INFO - Pobrano 8000 swiec | 2022-08-24 12:00:00 -> 2026-04-18 16:00:00
2026-04-18 20:10:04,163 - INFO - [EMA_8_21                 ] PnL=$  700.00  WR= 53.8%  DD= 186.3%  N=1096
2026-04-18 20:10:04,584 - INFO - [EMA_13_34                ] PnL=$  393.97  WR= 56.4%  DD= 247.0%  N=989
2026-04-18 20:10:04,977 - INFO - [EMA_8_34                 ] PnL=$  524.25  WR= 54.5%  DD= 191.6%  N=1049
2026-04-18 20:10:05,453 - INFO - [EMA_21_50                ] PnL=$ 1144.35  WR= 60.2%  DD= 154.4%  N=899
2026-04-18 20:10:05,931 - INFO - [EMA_13_50                ] PnL=$ 1183.85  WR= 58.5%  DD= 184.1%  N=951
2026-04-18 20:10:06,365 - INFO - [EMA_21_100               ] PnL=$ 1173.17  WR= 61.7%  DD= 258.3%  N=878
2026-04-18 20:10:06,848 - INFO - [EMA_34_100               ] PnL=$ 1024.38  WR= 62.0%  DD= 243.4%  N=837
2026-04-18 20:10:07,271 - INFO - [EMA_50_200               ] PnL=$  144.42  WR= 61.5%  DD= 696.4%  N=845
2026-04-18 20:10:07,709 - INFO - [EMA_8_21_RSI14_55        ] PnL=$ 1285.73  WR= 57.7%  DD= 228.6%  N=895
2026-04-18 20:10:08,126 - INFO - [EMA_8_21_RSI14_60        ] PnL=$ 1817.10  WR= 59.6%  DD= 227.3%  N=799
2026-04-18 20:10:08,544 - INFO - [EMA_13_34_RSI14_55       ] PnL=$  722.81  WR= 59.3%  DD= 257.4%  N=789
2026-04-18 20:10:08,975 - INFO - [EMA_13_34_RSI7_55        ] PnL=$  226.66  WR= 57.9%  DD= 174.3%  N=798
2026-04-18 20:10:09,414 - INFO - [EMA_21_50_RSI14_55       ] PnL=$ 1454.42  WR= 62.3%  DD= 195.1%  N=668
2026-04-18 20:10:09,837 - INFO - [EMA_8_34_RSI14_60        ] PnL=$ 1467.14  WR= 60.2%  DD= 113.3%  N=761
2026-04-18 20:10:10,239 - INFO - [EMA3_8_21_50             ] PnL=$  778.24  WR= 60.3%  DD= 157.8%  N=756
2026-04-18 20:10:10,640 - INFO - [EMA3_8_21_100            ] PnL=$  795.25  WR= 62.0%  DD= 236.7%  N=694
2026-04-18 20:10:11,055 - INFO - [EMA3_13_34_100           ] PnL=$  943.73  WR= 62.9%  DD= 272.9%  N=688
2026-04-18 20:10:11,477 - INFO - [EMA3_8_34_100            ] PnL=$  887.55  WR= 62.8%  DD= 297.4%  N=674
2026-04-18 20:10:11,885 - INFO - [EMA3_13_50_200           ] PnL=$  760.53  WR= 63.7%  DD= 340.8%  N=666
2026-04-18 20:10:12,311 - INFO - [EMA3_21_50_200           ] PnL=$  349.07  WR= 63.1%  DD= 301.2%  N=674
2026-04-18 20:10:12,744 - INFO - [MACD_12_26_hist          ] PnL=$ 2594.67  WR= 51.2%  DD= 131.0%  N=1302
2026-04-18 20:10:13,174 - INFO - [MACD_8_21_hist           ] PnL=$ 1580.05  WR= 45.7%  DD= 200.7%  N=1611
2026-04-18 20:10:13,627 - INFO - [MACD_12_26_sig           ] PnL=$ 2594.67  WR= 51.2%  DD= 131.0%  N=1302
2026-04-18 20:10:14,058 - INFO - [MACD_8_21_sig            ] PnL=$ 1580.05  WR= 45.7%  DD= 200.7%  N=1611
2026-04-18 20:10:14,491 - INFO - [MACD_RSI14_50            ] PnL=$ 1574.03  WR= 52.7%  DD= 125.2%  N=1099
2026-04-18 20:10:14,910 - INFO - [MACD_RSI14_55            ] PnL=$ 1658.02  WR= 53.7%  DD= 129.8%  N=1066
2026-04-18 20:10:15,361 - INFO - [MACD_RSI7_50             ] PnL=$  118.96  WR= 46.7%  DD= 184.3%  N=1427
2026-04-18 20:10:15,793 - INFO - [MACD_RSI7_55             ] PnL=$  730.86  WR= 47.3%  DD= 181.2%  N=1401
2026-04-18 20:10:16,226 - INFO - [BB_20_2_breakout         ] PnL=$ 1775.49  WR= 61.1%  DD= 255.7%  N=501
2026-04-18 20:10:16,638 - INFO - [BB_20_25_breakout        ] PnL=$  848.92  WR= 62.3%  DD= 149.6%  N=276
2026-04-18 20:10:17,037 - INFO - [BB_10_2_breakout         ] PnL=$ 2122.52  WR= 62.2%  DD= 105.9%  N=458
2026-04-18 20:10:17,458 - INFO - [BB_20_2_mid              ] PnL=$ 2283.60  WR= 42.2%  DD= 169.4%  N=1648
2026-04-18 20:10:17,870 - INFO - [BB_20_2_revert           ] PnL=$ -961.10  WR= 59.7%  DD= 355.2%  N=442
2026-04-18 20:10:18,287 - INFO - [BB_20_25_revert          ] PnL=$-1010.41  WR= 56.9%  DD= 382.4%  N=248
2026-04-18 20:10:18,692 - INFO - [BB_20_2_RSI14            ] PnL=$ 1775.49  WR= 61.1%  DD= 255.7%  N=501
2026-04-18 20:10:19,111 - INFO - [BB_20_25_RSI14           ] PnL=$  848.92  WR= 62.3%  DD= 149.6%  N=276
2026-04-18 20:10:19,542 - INFO - [BB_20_2_RSI14_55         ] PnL=$ 1751.05  WR= 61.0%  DD= 255.7%  N=500
2026-04-18 20:10:19,985 - INFO - [BB_20_25_RSI14_55        ] PnL=$  848.92  WR= 62.3%  DD= 149.6%  N=276
2026-04-18 20:10:20,421 - INFO - [BB_20_2_RSI7_50          ] PnL=$ 1771.48  WR= 61.1%  DD= 255.7%  N=493
2026-04-18 20:10:20,826 - INFO - [BB_10_2_RSI14            ] PnL=$ 1910.16  WR= 62.1%  DD= 127.5%  N=419
2026-04-18 20:10:21,262 - INFO - [BB_20_2_EMA50            ] PnL=$ 2081.20  WR= 62.2%  DD= 255.7%  N=487
2026-04-18 20:10:21,807 - INFO - [BB_20_25_EMA50           ] PnL=$ 1048.99  WR= 63.6%  DD= 111.1%  N=269
2026-04-18 20:10:22,214 - INFO - [BB_20_2_EMA100           ] PnL=$ 1910.44  WR= 62.2%  DD=  99.4%  N=444
2026-04-18 20:10:22,637 - INFO - [BB_20_25_EMA100          ] PnL=$  792.64  WR= 62.0%  DD=  74.0%  N=250
2026-04-18 20:10:23,082 - INFO - [BB_20_2_EMA200           ] PnL=$ 2076.71  WR= 63.6%  DD= 136.2%  N=387
2026-04-18 20:10:23,512 - INFO - [BB_20_25_EMA200          ] PnL=$  789.91  WR= 63.3%  DD=  85.5%  N=218
2026-04-18 20:10:23,962 - INFO - [BB_20_2_ADX20            ] PnL=$ 1754.28  WR= 60.8%  DD= 161.0%  N=485
2026-04-18 20:10:24,435 - INFO - [BB_20_25_ADX20           ] PnL=$  742.70  WR= 61.9%  DD= 128.7%  N=268
2026-04-18 20:10:24,861 - INFO - [BB_20_25_ADX25           ] PnL=$ 1012.53  WR= 63.5%  DD=  79.2%  N=244
2026-04-18 20:10:25,283 - INFO - [BB_20_25_VOL12           ] PnL=$  850.28  WR= 61.9%  DD= 111.1%  N=268
2026-04-18 20:10:25,753 - INFO - [BB_20_2_VOL12            ] PnL=$ 2013.62  WR= 62.6%  DD= 304.9%  N=460
2026-04-18 20:10:26,199 - INFO - [BB_20_2_SQ               ] PnL=$ 2837.15  WR= 68.4%  DD=  71.5%  N=310
2026-04-18 20:10:26,621 - INFO - [BB_20_25_SQ              ] PnL=$ 1767.72  WR= 71.5%  DD=  27.0%  N=158
2026-04-18 20:10:27,075 - INFO - [BB_20_2_MACD             ] PnL=$ 1946.74  WR= 61.9%  DD= 381.1%  N=485
2026-04-18 20:10:27,551 - INFO - [BB_20_25_MACD            ] PnL=$  930.24  WR= 62.8%  DD= 120.2%  N=266
2026-04-18 20:10:28,022 - INFO - [RSI14_trend50            ] PnL=$ 1170.20  WR= 45.1%  DD= 389.1%  N=1749
2026-04-18 20:10:28,487 - INFO - [RSI7_trend50             ] PnL=$ -118.95  WR= 40.8%  DD= 218.1%  N=2159
2026-04-18 20:10:29,007 - INFO - [RSI14_7030               ] PnL=$-1599.15  WR= 58.7%  DD= 538.1%  N=549
2026-04-18 20:10:29,436 - INFO - [RSI14_6535               ] PnL=$ -997.80  WR= 61.9%  DD= 257.6%  N=690
2026-04-18 20:10:29,893 - INFO - [RSI21_7030               ] PnL=$ -845.82  WR= 59.1%  DD= 355.4%  N=359
2026-04-18 20:10:30,350 - INFO - [RSI7_6535                ] PnL=$ -208.51  WR= 62.9%  DD= 140.6%  N=1101
2026-04-18 20:10:30,825 - INFO - [ADX14_EMA8_21            ] PnL=$  701.78  WR= 56.2%  DD= 173.1%  N=945
2026-04-18 20:10:31,283 - INFO - [ADX14_EMA13_34           ] PnL=$ 1125.84  WR= 59.1%  DD= 181.2%  N=867
2026-04-18 20:10:31,739 - INFO - [ADX14_EMA21_50           ] PnL=$ 1028.15  WR= 60.1%  DD= 176.6%  N=874
2026-04-18 20:10:32,249 - INFO - [ADX14_DI_20              ] PnL=$ 1472.86  WR= 48.1%  DD= 108.5%  N=1359
2026-04-18 20:10:32,698 - INFO - [ADX14_DI_25              ] PnL=$ 1088.66  WR= 51.2%  DD=  87.9%  N=1124
2026-04-18 20:10:33,179 - INFO - [STOCH14_cross            ] PnL=$ 2183.62  WR= 41.1%  DD= 128.8%  N=3709
2026-04-18 20:10:33,644 - INFO - [STOCH5_cross             ] PnL=$ 2620.41  WR= 42.7%  DD= 160.4%  N=3782
2026-04-18 20:10:34,092 - INFO - [STOCH14_EMA8_21          ] PnL=$-1007.93  WR= 53.8%  DD= 741.3%  N=314
2026-04-18 20:10:34,577 - INFO - [STOCH14_EMA13_34         ] PnL=$-1227.56  WR= 53.8%  DD= 665.2%  N=351
2026-04-18 20:10:35,048 - INFO - [EMA_8_21_VOL12           ] PnL=$ 1578.05  WR= 56.7%  DD= 588.3%  N=885
2026-04-18 20:10:35,502 - INFO - [EMA_13_34_VOL12          ] PnL=$  580.65  WR= 58.4%  DD= 328.0%  N=825
2026-04-18 20:10:36,043 - INFO - [EMA_8_21_VOL15           ] PnL=$ 1150.85  WR= 56.6%  DD= 134.9%  N=760
2026-04-18 20:10:36,550 - INFO - [EMA_BB_ADX_8_21          ] PnL=$ 1776.60  WR= 60.2%  DD= 105.0%  N=701
2026-04-18 20:10:37,030 - INFO - [EMA_BB_ADX_13_34         ] PnL=$ 1710.64  WR= 59.6%  DD= 280.1%  N=690
2026-04-18 20:10:37,653 - INFO - [TS_8_21_100_14           ] PnL=$ 1459.07  WR= 60.3%  DD= 188.3%  N=763
2026-04-18 20:10:38,337 - INFO - [TS_13_34_200_14          ] PnL=$ 1375.06  WR= 62.6%  DD= 263.9%  N=658
2026-04-18 20:10:38,878 - INFO - [TS_8_21_50_14            ] PnL=$ 1187.88  WR= 57.3%  DD= 261.3%  N=879
2026-04-18 20:10:39,381 - INFO - [TS_13_34_100_14          ] PnL=$  969.61  WR= 61.0%  DD= 188.5%  N=741
2026-04-18 20:10:41,229 - INFO - Wyslano 310 transakcji [BB_20_2_SQ] do Apex.
2026-04-18 20:10:42,179 - INFO - Config z wynikami najlepszej strategii [BB_20_2_SQ] wyslany do Apex.
